Component: ARM Compiler 5.06 update 1 (build 61) Tool: armlink [4d35a8]

==============================================================================

Section Cross References

    main.o(i.main) refers to _printf_percent.o(.ARM.Collect$$_printf_percent$$00000000) for _printf_percent
    main.o(i.main) refers to _printf_d.o(.ARM.Collect$$_printf_percent$$00000009) for _printf_d
    main.o(i.main) refers to _printf_dec.o(.text) for _printf_int_dec
    main.o(i.main) refers to _printf_c.o(.ARM.Collect$$_printf_percent$$00000013) for _printf_c
    main.o(i.main) refers to _printf_str.o(.text) for _printf_str
    main.o(i.main) refers to usart.o(i.uart_init) for uart_init
    main.o(i.main) refers to delay.o(i.delay_init) for delay_init
    main.o(i.main) refers to misc.o(i.NVIC_PriorityGroupConfig) for NVIC_PriorityGroupConfig
    main.o(i.main) refers to trig.o(i.trig_Init) for trig_Init
    main.o(i.main) refers to timer.o(i.TIM_Cap_Init) for TIM_Cap_Init
    main.o(i.main) refers to trig.o(i.KEY_Init) for KEY_Init
    main.o(i.main) refers to oled_iic.o(i.I2C_Configuration) for I2C_Configuration
    main.o(i.main) refers to mpu6050.o(i.MPU_Init) for MPU_Init
    main.o(i.main) refers to oled_iic.o(i.OLED_Init) for OLED_Init
    main.o(i.main) refers to oled_iic.o(i.OLED_CLS) for OLED_CLS
    main.o(i.main) refers to noretval__2printf.o(.text) for __2printf
    main.o(i.main) refers to oled_iic.o(i.OLED_ShowStr) for OLED_ShowStr
    main.o(i.main) refers to inv_mpu.o(i.mpu_dmp_init) for mpu_dmp_init
    main.o(i.main) refers to timer2.o(i.TIM1_PWM_Init) for TIM1_PWM_Init
    main.o(i.main) refers to motor.o(i.SteperIoInit) for SteperIoInit
    main.o(i.main) refers to motor.o(i.SteperSetSpeed) for SteperSetSpeed
    main.o(i.main) refers to stm32f10x_gpio.o(i.GPIO_ResetBits) for GPIO_ResetBits
    main.o(i.main) refers to delay.o(i.delay_us) for delay_us
    main.o(i.main) refers to stm32f10x_gpio.o(i.GPIO_SetBits) for GPIO_SetBits
    main.o(i.main) refers to dflt_clz.o(x$fpl$dfltu) for __aeabi_ui2d
    main.o(i.main) refers to ddiv.o(x$fpl$ddiv) for __aeabi_ddiv
    main.o(i.main) refers to d2f.o(x$fpl$d2f) for __aeabi_d2f
    main.o(i.main) refers to fleqf.o(x$fpl$fleqf) for __aeabi_cfcmple
    main.o(i.main) refers to faddsub_clz.o(x$fpl$fsub) for __aeabi_fsub
    main.o(i.main) refers to ffix.o(x$fpl$ffix) for __aeabi_f2iz
    main.o(i.main) refers to noretval__2sprintf.o(.text) for __2sprintf
    main.o(i.main) refers to inv_mpu.o(i.mpu_dmp_get_data) for mpu_dmp_get_data
    main.o(i.main) refers to trig.o(i.KEY_Scan) for KEY_Scan
    main.o(i.main) refers to delay.o(i.delay_ms) for delay_ms
    main.o(i.main) refers to motor.o(i.SteperSetAngle) for SteperSetAngle
    main.o(i.main) refers to motor.o(i.SteperRun) for SteperRun
    main.o(i.main) refers to trig.o(i.shaomiao) for shaomiao
    main.o(i.main) refers to timer.o(.data) for TIM5CH1_CAPTURE_STA
    main.o(i.main) refers to main.o(.data) for yaw
    system_stm32f10x.o(i.SetSysClock) refers to system_stm32f10x.o(i.SetSysClockTo72) for SetSysClockTo72
    system_stm32f10x.o(i.SystemCoreClockUpdate) refers to system_stm32f10x.o(.data) for SystemCoreClock
    system_stm32f10x.o(i.SystemInit) refers to system_stm32f10x.o(i.SetSysClock) for SetSysClock
    delay.o(i.delay_init) refers to misc.o(i.SysTick_CLKSourceConfig) for SysTick_CLKSourceConfig
    delay.o(i.delay_init) refers to system_stm32f10x.o(.data) for SystemCoreClock
    delay.o(i.delay_init) refers to delay.o(.data) for fac_us
    delay.o(i.delay_ms) refers to delay.o(.data) for fac_ms
    delay.o(i.delay_us) refers to delay.o(.data) for fac_us
    usart.o(i.USART1_IRQHandler) refers (Special) to use_no_semi_2.o(.text) for __use_no_semihosting
    usart.o(i.USART1_IRQHandler) refers to stm32f10x_usart.o(i.USART_GetITStatus) for USART_GetITStatus
    usart.o(i.USART1_IRQHandler) refers to stm32f10x_usart.o(i.USART_ReceiveData) for USART_ReceiveData
    usart.o(i.USART1_IRQHandler) refers to usart.o(.data) for USART_RX_STA
    usart.o(i.USART1_IRQHandler) refers to usart.o(.bss) for USART_RX_BUF
    usart.o(i._sys_exit) refers (Special) to use_no_semi_2.o(.text) for __use_no_semihosting
    usart.o(i.fputc) refers (Special) to use_no_semi_2.o(.text) for __use_no_semihosting
    usart.o(i.uart_init) refers (Special) to use_no_semi_2.o(.text) for __use_no_semihosting
    usart.o(i.uart_init) refers to stm32f10x_rcc.o(i.RCC_APB2PeriphClockCmd) for RCC_APB2PeriphClockCmd
    usart.o(i.uart_init) refers to stm32f10x_gpio.o(i.GPIO_Init) for GPIO_Init
    usart.o(i.uart_init) refers to misc.o(i.NVIC_Init) for NVIC_Init
    usart.o(i.uart_init) refers to stm32f10x_usart.o(i.USART_Init) for USART_Init
    usart.o(i.uart_init) refers to stm32f10x_usart.o(i.USART_ITConfig) for USART_ITConfig
    usart.o(i.uart_init) refers to stm32f10x_usart.o(i.USART_Cmd) for USART_Cmd
    usart.o(.bss) refers (Special) to use_no_semi_2.o(.text) for __use_no_semihosting
[...]
    i.trig_Init                              0x080057d8   Section        0  trig.o(i.trig_Init)
    i.uart_init                              0x08005834   Section        0  usart.o(i.uart_init)
    x$fpl$d2f                                0x080058d4   Section       98  d2f.o(x$fpl$d2f)
    x$fpl$dadd                               0x08005938   Section      336  daddsub_clz.o(x$fpl$dadd)
    _dadd1                                   0x08005949   Thumb Code     0  daddsub_clz.o(x$fpl$dadd)
    x$fpl$dcheck1                            0x08005a88   Section       16  dcheck1.o(x$fpl$dcheck1)
    x$fpl$ddiv                               0x08005a98   Section      688  ddiv.o(x$fpl$ddiv)
    ddiv_entry                               0x08005a9f   Thumb Code     0  ddiv.o(x$fpl$ddiv)
    x$fpl$dfltu                              0x08005d48   Section       38  dflt_clz.o(x$fpl$dfltu)
    x$fpl$dmul                               0x08005d70   Section      340  dmul.o(x$fpl$dmul)
    x$fpl$dnaninf                            0x08005ec4   Section      156  dnaninf.o(x$fpl$dnaninf)
    x$fpl$dretinf                            0x08005f60   Section       12  dretinf.o(x$fpl$dretinf)
    x$fpl$drsb                               0x08005f6c   Section       22  daddsub_clz.o(x$fpl$drsb)
    x$fpl$dsqrt                              0x08005f84   Section      460  dsqrt_noumaal.o(x$fpl$dsqrt)
    x$fpl$dsub                               0x08006150   Section      468  daddsub_clz.o(x$fpl$dsub)
    _dsub1                                   0x08006161   Thumb Code     0  daddsub_clz.o(x$fpl$dsub)
    x$fpl$f2d                                0x08006324   Section       86  f2d.o(x$fpl$f2d)
    x$fpl$fadd                               0x0800637c   Section      196  faddsub_clz.o(x$fpl$fadd)
    _fadd1                                   0x0800638b   Thumb Code     0  faddsub_clz.o(x$fpl$fadd)
    x$fpl$fcmpinf                            0x08006440   Section       24  fcmpi.o(x$fpl$fcmpinf)
    x$fpl$fdiv                               0x08006458   Section      388  fdiv.o(x$fpl$fdiv)
    _fdiv1                                   0x08006459   Thumb Code     0  fdiv.o(x$fpl$fdiv)
    x$fpl$feqf                               0x080065dc   Section      104  feqf.o(x$fpl$feqf)
    x$fpl$ffix                               0x08006644   Section       54  ffix.o(x$fpl$ffix)
    x$fpl$ffixu                              0x0800667c   Section       62  ffixu.o(x$fpl$ffixu)
    x$fpl$fflt                               0x080066bc   Section       48  fflt_clz.o(x$fpl$fflt)
    x$fpl$ffltu                              0x080066ec   Section       38  fflt_clz.o(x$fpl$ffltu)
    x$fpl$fleqf                              0x08006714   Section      104  fleqf.o(x$fpl$fleqf)
    x$fpl$fmul                               0x0800677c   Section      258  fmul.o(x$fpl$fmul)
    x$fpl$fnaninf                            0x0800687e   Section      140  fnaninf.o(x$fpl$fnaninf)
    x$fpl$fretinf                            0x0800690a   Section       10  fretinf.o(x$fpl$fretinf)
    x$fpl$frleqf                             0x08006914   Section       98  frleqf.o(x$fpl$frleqf)
    x$fpl$frsb                               0x08006976   Section       20  faddsub_clz.o(x$fpl$frsb)
    x$fpl$fsub                               0x0800698c   Section      234  faddsub_clz.o(x$fpl$fsub)
    _fsub1                                   0x0800699b   Thumb Code     0  faddsub_clz.o(x$fpl$fsub)
    x$fpl$retnan                             0x08006a76   Section      100  retnan.o(x$fpl$retnan)
    x$fpl$scalbn                             0x08006ada   Section       92  scalbn.o(x$fpl$scalbn)
    x$fpl$trapveneer                         0x08006b36   Section       48  trapv.o(x$fpl$trapveneer)
    .constdata                               0x08006b66   Section     8152  oled_iic.o(.constdata)
    x$fpl$usenofp                            0x08006b66   Section        0  usenofp.o(x$fpl$usenofp)
    .constdata                               0x08008b40   Section       80  inv_mpu.o(.constdata)
    .constdata                               0x08008b90   Section     3062  inv_mpu_dmp_motion_driver.o(.constdata)
    dmp_memory                               0x08008b90   Data        3062  inv_mpu_dmp_motion_driver.o(.constdata)
    .constdata                               0x08009786   Section       17  __printf_flags_wp.o(.constdata)
    maptable                                 0x08009786   Data          17  __printf_flags_wp.o(.constdata)
    .constdata                               0x08009798   Section       80  asin.o(.constdata)
    pS                                       0x08009798   Data          48  asin.o(.constdata)
    qS                                       0x080097c8   Data          32  asin.o(.constdata)
    .constdata                               0x080097e8   Section      152  atan.o(.constdata)
    atanhi                                   0x080097e8   Data          32  atan.o(.constdata)
    atanlo                                   0x08009808   Data          32  atan.o(.constdata)
    aTodd                                    0x08009828   Data          40  atan.o(.constdata)
    aTeven                                   0x08009850   Data          48  atan.o(.constdata)
    .constdata                               0x08009880   Section        8  qnan.o(.constdata)
    .conststring                             0x08009888   Section       77  inv_mpu.o(.conststring)
    .data                                    0x20000000   Section       28  main.o(.data)
    .data                                    0x2000001c   Section       20  system_stm32f10x.o(.data)
    .data                                    0x20000030   Section        4  delay.o(.data)
    fac_us                                   0x20000030   Data           1  delay.o(.data)
    fac_ms                                   0x20000032   Data           2  delay.o(.data)
    .data                                    0x20000034   Section        6  usart.o(.data)
    .data                                    0x2000003a   Section       20  stm32f10x_rcc.o(.data)
    APBAHBPrescTable                         0x2000003a   Data          16  stm32f10x_rcc.o(.data)
    ADCPrescTable                            0x2000004a   Data           4  stm32f10x_rcc.o(.data)
    .data                                    0x2000004e   Section        6  timer.o(.data)
    .data                                    0x20000054   Section        1  trig.o(.data)
    key_up                                   0x20000054   Data           1  trig.o(.data)
    .data                                    0x20000058   Section       32  motor.o(.data)
    gSpeed                                   0x20000058   Data           4  motor.o(.data)
    gAngle                                   0x2000005c   Data           4  motor.o(.data)
    .data                                    0x20000078   Section       53  inv_mpu.o(.data)
    st                                       0x20000078   Data          44  inv_mpu.o(.data)
    gyro_orientation                         0x200000a4   Data           9  inv_mpu.o(.data)
    .bss                                     0x200000b0   Section      200  usart.o(.bss)
    .bss                                     0x20000178   Section       16  inv_mpu_dmp_motion_driver.o(.bss)
    dmp                                      0x20000178   Data          16  inv_mpu_dmp_motion_driver.o(.bss)
    .bss                                     0x20000188   Section       96  libspace.o(.bss)
    HEAP                                     0x200001e8   Section      512  startup_stm32f10x_hd.o(HEAP)
    Heap_Mem                                 0x200001e8   Data         512  startup_stm32f10x_hd.o(HEAP)
    STACK                                    0x200003e8   Section     1024  startup_stm32f10x_hd.o(STACK)
    Stack_Mem                                0x200003e8   Data        1024  startup_stm32f10x_hd.o(STACK)
    __initial_sp                             0x200007e8   Data           0  startup_stm32f10x_hd.o(STACK)

    Global Symbols

    Symbol Name                              Value     Ov Type        Size  Object(Section)

    BuildAttributes$$THM_ISAv4$P$D$K$B$S$PE$A:L22UL41UL21$X:L11$S22US41US21$IEEE1$IW$USESV6$~STKCKD$USESV7$~SHL$OTIME$ROPI$IEEEX$EBA8$UX$STANDARDLIB$REQ8$PRES8$EABIv2 0x00000000   Number         0  anon$$obj.o ABSOLUTE
    __ARM_use_no_argv                        0x00000000   Number         0  main.o ABSOLUTE
    _printf_flags                            0x00000000   Number         0  printf_stubs.o ABSOLUTE
    _printf_return_value                     0x00000000   Number         0  printf_stubs.o ABSOLUTE
    _printf_sizespec                         0x00000000   Number         0  printf_stubs.o ABSOLUTE
    _printf_widthprec                        0x00000000   Number         0  printf_stubs.o ABSOLUTE
    __ARM_exceptions_init                     - Undefined Weak Reference
    __alloca_initialize                       - Undefined Weak Reference
    __arm_preinit_                            - Undefined Weak Reference
    __cpp_initialize__aeabi_                  - Undefined Weak Reference
    __cxa_finalize                            - Undefined Weak Reference
    __rt_locale                               - Undefined Weak Reference
    __sigvec_lookup                           - Undefined Weak Reference
    _atexit_init                              - Undefined Weak Reference
    _call_atexit_fns                          - Undefined Weak Reference
    _clock_init                               - Undefined Weak Reference
    _fp_trap_init                             - Undefined Weak Reference
    _fp_trap_shutdown                         - Undefined Weak Reference
    _get_lc_collate                           - Undefined Weak Reference
    _get_lc_ctype                             - Undefined Weak Reference
    _get_lc_monetary                          - Undefined Weak Reference
    _get_lc_numeric                           - Undefined Weak Reference
    _get_lc_time                              - Undefined Weak Reference
    _getenv_init                              - Undefined Weak Reference
    _handle_redirection                       - Undefined Weak Reference
    _init_alloc                               - Undefined Weak Reference
    _init_user_alloc                          - Undefined Weak Reference
    _initio                                   - Undefined Weak Reference
    _mutex_acquire                            - Undefined Weak Reference
    _mutex_release                            - Undefined Weak Reference
    _printf_mbtowc                            - Undefined Weak Reference
    _printf_truncate_signed                   - Undefined Weak Reference
    _printf_truncate_unsigned                 - Undefined Weak Reference
    _rand_init                                - Undefined Weak Reference
    _signal_finish                            - Undefined Weak Reference
    _signal_init                              - Undefined Weak Reference
    _terminate_alloc                          - Undefined Weak Reference
    _terminate_user_alloc                     - Undefined Weak Reference
    _terminateio                              - Undefined Weak Reference
    __Vectors_Size                           0x00000130   Number         0  startup_stm32f10x_hd.o ABSOLUTE
    __Vectors                                0x08000000   Data           4  startup_stm32f10x_hd.o(RESET)
    __Vectors_End                            0x08000130   Data           0  startup_stm32f10x_hd.o(RESET)
    __main                                   0x08000131   Thumb Code     8  __main.o(!!!main)
    __scatterload                            0x08000139   Thumb Code     0  __scatter.o(!!!scatter)
    __scatterload_rt2                        0x08000139   Thumb Code    44  __scatter.o(!!!scatter)
    __scatterload_rt2_thumb_only             0x08000139   Thumb Code     0  __scatter.o(!!!scatter)
    __scatterload_null                       0x08000147   Thumb Code     0  __scatter.o(!!!scatter)
    __scatterload_copy                       0x0800016d   Thumb Code    26  __scatter_copy.o(!!handler_copy)
    __scatterload_zeroinit                   0x08000189   Thumb Code    28  __scatter_zi.o(!!handler_zi)
    _printf_d                                0x080001a5   Thumb Code     0  _printf_d.o(.ARM.Collect$$_printf_percent$$00000009)
    _printf_percent                          0x080001a5   Thumb Code     0  _printf_percent.o(.ARM.Collect$$_printf_percent$$00000000)
    _printf_c                                0x080001ab   Thumb Code     0  _printf_c.o(.ARM.Collect$$_printf_percent$$00000013)
    _printf_percent_end                      0x080001b1   Thumb Code     0  _printf_percent_end.o(.ARM.Collect$$_printf_percent$$00000017)
    __rt_lib_init                            0x080001b5   Thumb Code     0  libinit.o(.ARM.Collect$$libinit$$00000000)
    __rt_lib_init_alloca_1                   0x080001b7   Thumb Code     0  libinit2.o(.ARM.Collect$$libinit$$0000002E)
    __rt_lib_init_argv_1                     0x080001b7   Thumb Code     0  libinit2.o(.ARM.Collect$$libinit$$0000002C)
    __rt_lib_init_atexit_1                   0x080001b7   Thumb Code     0  libinit2.o(.ARM.Collect$$libinit$$0000001B)
    __rt_lib_init_clock_1                    0x080001b7   Thumb Code     0  libinit2.o(.ARM.Collect$$libinit$$00000021)
    __rt_lib_init_cpp_1                      0x080001b7   Thumb Code     0  libinit2.o(.ARM.Collect$$libinit$$00000032)
    __rt_lib_init_exceptions_1               0x080001b7   Thumb Code     0  libinit2.o(.ARM.Collect$$libinit$$00000030)
    __rt_lib_init_fp_1                       0x080001b7   Thumb Code     0  libinit2.o(.ARM.Collect$$libinit$$00000002)
    __rt_lib_init_fp_trap_1                  0x080001b7   Thumb Code     0  libinit2.o(.ARM.Collect$$libinit$$0000001F)
    __rt_lib_init_getenv_1                   0x080001b7   Thumb Code     0  libinit2.o(.ARM.Collect$$libinit$$00000023)
    __rt_lib_init_heap_1                     0x080001b7   Thumb Code     0  libinit2.o(.ARM.Collect$$libinit$$0000000A)
    __rt_lib_init_lc_collate_1               0x080001b7   Thumb Code     0  libinit2.o(.ARM.Collect$$libinit$$00000011)
    __rt_lib_init_lc_ctype_1                 0x080001b7   Thumb Code     0  libinit2.o(.ARM.Collect$$libinit$$00000013)
    __rt_lib_init_lc_monetary_1              0x080001b7   Thumb Code     0  libinit2.o(.ARM.Collect$$libinit$$00000015)
    __rt_lib_init_lc_numeric_1               0x080001b7   Thumb Code     0  libinit2.o(.ARM.Collect$$libinit$$00000017)
    __rt_lib_init_lc_time_1                  0x080001b7   Thumb Code     0  libinit2.o(.ARM.Collect$$libinit$$00000019)
    __rt_lib_init_preinit_1                  0x080001b7   Thumb Code     0  libinit2.o(.ARM.Collect$$libinit$$00000004)
    __rt_lib_init_rand_1                     0x080001b7   Thumb Code     0  libinit2.o(.ARM.Collect$$libinit$$0000000E)
    __rt_lib_init_return                     0x080001b7   Thumb Code     0  libinit2.o(.ARM.Collect$$libinit$$00000033)
    __rt_lib_init_signal_1                   0x080001b7   Thumb Code     0  libinit2.o(.ARM.Collect$$libinit$$0000001D)
    __rt_lib_init_stdio_1                    0x080001b7   Thumb Code     0  libinit2.o(.ARM.Collect$$libinit$$00000025)
    __rt_lib_init_user_alloc_1               0x080001b7   Thumb Code     0  libinit2.o(.ARM.Collect$$libinit$$0000000C)
    __rt_lib_shutdown                        0x080001b9   Thumb Code     0  libshutdown.o(.ARM.Collect$$libshutdown$$00000000)
    __rt_lib_shutdown_cpp_1                  0x080001bb   Thumb Code     0  libshutdown2.o(.ARM.Collect$$libshutdown$$00000002)
    __rt_lib_shutdown_fp_trap_1              0x080001bb   Thumb Code     0  libshutdown2.o(.ARM.Collect$$libshutdown$$00000007)
    __rt_lib_shutdown_heap_1                 0x080001bb   Thumb Code     0  libshutdown2.o(.ARM.Collect$$libshutdown$$0000000F)
    __rt_lib_shutdown_return                 0x080001bb   Thumb Code     0  libshutdown2.o(.ARM.Collect$$libshutdown$$00000010)
    __rt_lib_shutdown_signal_1               0x080001bb   Thumb Code     0  libshutdown2.o(.ARM.Collect$$libshutdown$$0000000A)
    __rt_lib_shutdown_stdio_1                0x080001bb   Thumb Code     0  libshutdown2.o(.ARM.Collect$$libshutdown$$00000004)
    __rt_lib_shutdown_user_alloc_1           0x080001bb   Thumb Code     0  libshutdown2.o(.ARM.Collect$$libshutdown$$0000000C)
    __rt_entry                               0x080001bd   Thumb Code     0  __rtentry.o(.ARM.Collect$$rtentry$$00000000)
    __rt_entry_presh_1                       0x080001bd   Thumb Code     0  __rtentry2.o(.ARM.Collect$$rtentry$$00000002)
    __rt_entry_sh                            0x080001bd   Thumb Code     0  __rtentry4.o(.ARM.Collect$$rtentry$$00000004)
    __rt_entry_li                            0x080001c3   Thumb Code     0  __rtentry2.o(.ARM.Collect$$rtentry$$0000000A)
    __rt_entry_postsh_1                      0x080001c3   Thumb Code     0  __rtentry2.o(.ARM.Collect$$rtentry$$00000009)
    __rt_entry_main                          0x080001c7   Thumb Code     0  __rtentry2.o(.ARM.Collect$$rtentry$$0000000D)
    __rt_entry_postli_1                      0x080001c7   Thumb Code     0  __rtentry2.o(.ARM.Collect$$rtentry$$0000000C)
    __rt_exit                                0x080001cf   Thumb Code     0  rtexit.o(.ARM.Collect$$rtexit$$00000000)
    __rt_exit_ls                             0x080001d1   Thumb Code     0  rtexit2.o(.ARM.Collect$$rtexit$$00000003)
    __rt_exit_prels_1                        0x080001d1   Thumb Code     0  rtexit2.o(.ARM.Collect$$rtexit$$00000002)
    __rt_exit_exit                           0x080001d5   Thumb Code     0  rtexit2.o(.ARM.Collect$$rtexit$$00000004)
    Reset_Handler                            0x080001dd   Thumb Code     8  startup_stm32f10x_hd.o(.text)
    ADC1_2_IRQHandler                        0x080001f7   Thumb Code     0  startup_stm32f10x_hd.o(.text)
    ADC3_IRQHandler                          0x080001f7   Thumb Code     0  startup_stm32f10x_hd.o(.text)
    CAN1_RX1_IRQHandler                      0x080001f7   Thumb Code     0  startup_stm32f10x_hd.o(.text)
    CAN1_SCE_IRQHandler                      0x080001f7   Thumb Code     0  startup_stm32f10x_hd.o(.text)
    DMA1_Channel1_IRQHandler                 0x080001f7   Thumb Code     0  startup_stm32f10x_hd.o(.text)
    DMA1_Channel2_IRQHandler                 0x080001f7   Thumb Code     0  startup_stm32f10x_hd.o(.text)
    DMA1_Channel3_IRQHandler                 0x080001f7   Thumb Code     0  startup_stm32f10x_hd.o(.text)
    DMA1_Channel4_IRQHandler                 0x080001f7   Thumb Code     0  startup_stm32f10x_hd.o(.text)
    DMA1_Channel5_IRQHandler                 0x080001f7   Thumb Code     0  startup_stm32f10x_hd.o(.text)
    DMA1_Channel6_IRQHandler                 0x080001f7   Thumb Code     0  startup_stm32f10x_hd.o(.text)
    DMA1_Channel7_IRQHandler                 0x080001f7   Thumb Code     0  startup_stm32f10x_hd.o(.text)
    DMA2_Channel1_IRQHandler                 0x080001f7   Thumb Code     0  startup_stm32f10x_hd.o(.text)
    DMA2_Channel2_IRQHandler                 0x080001f7   Thumb Code     0  startup_stm32f10x_hd.o(.text)
    DMA2_Channel3_IRQHandler                 0x080001f7   Thumb Code     0  startup_stm32f10x_hd.o(.text)
    DMA2_Channel4_5_IRQHandler               0x080001f7   Thumb Code     0  startup_stm32f10x_hd.o(.text)
    EXTI0_IRQHandler                         0x080001f7   Thumb Code     0  startup_stm32f10x_hd.o(.text)
    EXTI15_10_IRQHandler                     0x080001f7   Thumb Code     0  startup_stm32f10x_hd.o(.text)
    EXTI1_IRQHandler                         0x080001f7   Thumb Code     0  startup_stm32f10x_hd.o(.text)
    EXTI2_IRQHandler                         0x080001f7   Thumb Code     0  startup_stm32f10x_hd.o(.text)
    EXTI3_IRQHandler                         0x080001f7   Thumb Code     0  startup_stm32f10x_hd.o(.text)
    EXTI4_IRQHandler                         0x080001f7   Thumb Code     0  startup_stm32f10x_hd.o(.text)
    EXTI9_5_IRQHandler                       0x080001f7   Thumb Code     0  startup_stm32f10x_hd.o(.text)
    FLASH_IRQHandler                         0x080001f7   Thumb Code     0  startup_stm32f10x_hd.o(.text)
    FSMC_IRQHandler                          0x080001f7   Thumb Code     0  startup_stm32f10x_hd.o(.text)
    I2C1_ER_IRQHandler                       0x080001f7   Thumb Code     0  startup_stm32f10x_hd.o(.text)
    I2C1_EV_IRQHandler                       0x080001f7   Thumb Code     0  startup_stm32f10x_hd.o(.text)
    I2C2_ER_IRQHandler                       0x080001f7   Thumb Code     0  startup_stm32f10x_hd.o(.text)
    I2C2_EV_IRQHandler                       0x080001f7   Thumb Code     0  startup_stm32f10x_hd.o(.text)
    PVD_IRQHandler                           0x080001f7   Thumb Code     0  startup_stm32f10x_hd.o(.text)
    RCC_IRQHandler                           0x080001f7   Thumb Code     0  startup_stm32f10x_hd.o(.text)
    RTCAlarm_IRQHandler                      0x080001f7   Thumb Code     0  startup_stm32f10x_hd.o(.text)
    RTC_IRQHandler                           0x080001f7   Thumb Code     0  startup_stm32f10x_hd.o(.text)
    SDIO_IRQHandler                          0x080001f7   Thumb Code     0  startup_stm32f10x_hd.o(.text)
    SPI1_IRQHandler                          0x080001f7   Thumb Code     0  startup_stm32f10x_hd.o(.text)
    SPI2_IRQHandler                          0x080001f7   Thumb Code     0  startup_stm32f10x_hd.o(.text)
    SPI3_IRQHandler                          0x080001f7   Thumb Code     0  startup_stm32f10x_hd.o(.text)
    TAMPER_IRQHandler                        0x080001f7   Thumb Code     0  startup_stm32f10x_hd.o(.text)
    TIM1_BRK_IRQHandler                      0x080001f7   Thumb Code     0  startup_stm32f10x_hd.o(.text)
    TIM1_CC_IRQHandler                       0x080001f7   Thumb Code     0  startup_stm32f10x_hd.o(.text)
    TIM1_TRG_COM_IRQHandler                  0x080001f7   Thumb Code     0  startup_stm32f10x_hd.o(.text)
    TIM1_UP_IRQHandler                       0x080001f7   Thumb Code     0  startup_stm32f10x_hd.o(.text)
    TIM2_IRQHandler                          0x080001f7   Thumb Code     0  startup_stm32f10x_hd.o(.text)
    TIM3_IRQHandler                          0x080001f7   Thumb Code     0  startup_stm32f10x_hd.o(.text)
    TIM4_IRQHandler                          0x080001f7   Thumb Code     0  startup_stm32f10x_hd.o(.text)
    TIM6_IRQHandler                          0x080001f7   Thumb Code     0  startup_stm32f10x_hd.o(.text)
    TIM7_IRQHandler                          0x080001f7   Thumb Code     0  startup_stm32f10x_hd.o(.text)
    TIM8_BRK_IRQHandler                      0x080001f7   Thumb Code     0  startup_stm32f10x_hd.o(.text)
    TIM8_CC_IRQHandler                       0x080001f7   Thumb Code     0  startup_stm32f10x_hd.o(.text)
    TIM8_TRG_COM_IRQHandler                  0x080001f7   Thumb Code     0  startup_stm32f10x_hd.o(.text)
    TIM8_UP_IRQHandler                       0x080001f7   Thumb Code     0  startup_stm32f10x_hd.o(.text)
    UART4_IRQHandler                         0x080001f7   Thumb Code     0  startup_stm32f10x_hd.o(.text)
    UART5_IRQHandler                         0x080001f7   Thumb Code     0  startup_stm32f10x_hd.o(.text)
    USART2_IRQHandler                        0x080001f7   Thumb Code     0  startup_stm32f10x_hd.o(.text)
    USART3_IRQHandler                        0x080001f7   Thumb Code     0  startup_stm32f10x_hd.o(.text)
    USBWakeUp_IRQHandler                     0x080001f7   Thumb Code     0  startup_stm32f10x_hd.o(.text)
    USB_HP_CAN1_TX_IRQHandler                0x080001f7   Thumb Code     0  startup_stm32f10x_hd.o(.text)
    USB_LP_CAN1_RX0_IRQHandler               0x080001f7   Thumb Code     0  startup_stm32f10x_hd.o(.text)
    WWDG_IRQHandler                          0x080001f7   Thumb Code     0  startup_stm32f10x_hd.o(.text)
    __user_initial_stackheap                 0x080001f9   Thumb Code     0  startup_stm32f10x_hd.o(.text)
    __use_no_semihosting                     0x0800021d   Thumb Code     2  use_no_semi_2.o(.text)
    __aeabi_ldivmod                          0x0800021f   Thumb Code     0  llsdiv.o(.text)
    _ll_sdiv                                 0x0800021f   Thumb Code    72  llsdiv.o(.text)
    __2printf                                0x08000269   Thumb Code    20  noretval__2printf.o(.text)
    __2sprintf                               0x08000281   Thumb Code    34  noretval__2sprintf.o(.text)
    _printf_str                              0x080002a9   Thumb Code    82  _printf_str.o(.text)
    _printf_int_dec                          0x080002fd   Thumb Code   104  _printf_dec.o(.text)
    __printf                                 0x08000375   Thumb Code   308  __printf_flags_wp.o(.text)
    memcmp                                   0x080004ad   Thumb Code    88  memcmp.o(.text)
    __aeabi_memset                           0x08000505   Thumb Code    16  aeabi_memset.o(.text)
    __use_two_region_memory                  0x08000515   Thumb Code     2  heapauxi.o(.text)
    __rt_heap_escrow$2region                 0x08000517   Thumb Code     2  heapauxi.o(.text)
    __rt_heap_expand$2region                 0x08000519   Thumb Code     2  heapauxi.o(.text)
    __I$use$semihosting                      0x0800051b   Thumb Code     0  use_no_semi.o(.text)
    __use_no_semihosting_swi                 0x0800051b   Thumb Code     2  use_no_semi.o(.text)
    __aeabi_uldivmod                         0x0800051d   Thumb Code     0  lludivv7m.o(.text)
    _ll_udiv                                 0x0800051d   Thumb Code   238  lludivv7m.o(.text)
    __read_errno                             0x0800060b   Thumb Code    10  _rserrno.o(.text)
    __set_errno                              0x08000615   Thumb Code    12  _rserrno.o(.text)
    _printf_int_common                       0x08000621   Thumb Code   178  _printf_intcommon.o(.text)
    _printf_char_common                      0x080006df   Thumb Code    32  _printf_char_common.o(.text)
    _sputc                                   0x08000705   Thumb Code    10  _sputc.o(.text)
    _printf_cs_common                        0x0800070f   Thumb Code    20  _printf_char.o(.text)
    _printf_char                             0x08000723   Thumb Code    16  _printf_char.o(.text)
    _printf_string                           0x08000733   Thumb Code     8  _printf_char.o(.text)
    _printf_char_file                        0x0800073d   Thumb Code    32  _printf_char_file.o(.text)
    __aeabi_memclr                           0x08000761   Thumb Code     0  rt_memclr.o(.text)
    __rt_memclr                              0x08000761   Thumb Code    68  rt_memclr.o(.text)
    _memset                                  0x08000765   Thumb Code     0  rt_memclr.o(.text)
    __aeabi_errno_addr                       0x080007a5   Thumb Code     8  rt_errno_addr_intlibspace.o(.text)
    __errno$intlibspace                      0x080007a5   Thumb Code     0  rt_errno_addr_intlibspace.o(.text)
    __rt_errno_addr$intlibspace              0x080007a5   Thumb Code     0  rt_errno_addr_intlibspace.o(.text)
    ferror                                   0x080007ad   Thumb Code     8  ferror.o(.text)
    __aeabi_memclr4                          0x080007b5   Thumb Code     0  rt_memclr_w.o(.text)
    __aeabi_memclr8                          0x080007b5   Thumb Code     0  rt_memclr_w.o(.text)
    __rt_memclr_w                            0x080007b5   Thumb Code    78  rt_memclr_w.o(.text)
    _memset_w                                0x080007b9   Thumb Code     0  rt_memclr_w.o(.text)
    __user_libspace                          0x08000805   Thumb Code     8  libspace.o(.text)
    __user_perproc_libspace                  0x08000805   Thumb Code     0  libspace.o(.text)
    __user_perthread_libspace                0x08000805   Thumb Code     0  libspace.o(.text)
    __user_setup_stackheap                   0x0800080d   Thumb Code    74  sys_stackheap_outer.o(.text)
    exit                                     0x08000857   Thumb Code    18  exit.o(.text)
    BusFault_Handler                         0x08000869   Thumb Code     4  stm32f10x_it.o(i.BusFault_Handler)
    DebugMon_Handler                         0x0800086d   Thumb Code     2  stm32f10x_it.o(i.DebugMon_Handler)
    GPIO_Init                                0x0800086f   Thumb Code   278  stm32f10x_gpio.o(i.GPIO_Init)
    GPIO_PinRemapConfig                      0x08000985   Thumb Code   138  stm32f10x_gpio.o(i.GPIO_PinRemapConfig)
    GPIO_ReadInputDataBit                    0x08000a15   Thumb Code    18  stm32f10x_gpio.o(i.GPIO_ReadInputDataBit)
    GPIO_ResetBits                           0x08000a27   Thumb Code     4  stm32f10x_gpio.o(i.GPIO_ResetBits)
    GPIO_SetBits                             0x08000a2b   Thumb Code     4  stm32f10x_gpio.o(i.GPIO_SetBits)
    HardFault_Handler                        0x08000a2f   Thumb Code     4  stm32f10x_it.o(i.HardFault_Handler)
    I2C_CheckEvent                           0x08000a33   Thumb Code    42  stm32f10x_i2c.o(i.I2C_CheckEvent)
    I2C_Cmd                                  0x08000a5d   Thumb Code    24  stm32f10x_i2c.o(i.I2C_Cmd)
    I2C_Configuration                        0x08000a75   Thumb Code   118  oled_iic.o(i.I2C_Configuration)
    I2C_GenerateSTART                        0x08000af9   Thumb Code    24  stm32f10x_i2c.o(i.I2C_GenerateSTART)
    I2C_GenerateSTOP                         0x08000b11   Thumb Code    24  stm32f10x_i2c.o(i.I2C_GenerateSTOP)
    I2C_GetFlagStatus                        0x08000b29   Thumb Code    58  stm32f10x_i2c.o(i.I2C_GetFlagStatus)
    I2C_Init                                 0x08000b65   Thumb Code   222  stm32f10x_i2c.o(i.I2C_Init)
    I2C_Send7bitAddress                      0x08000c51   Thumb Code    18  stm32f10x_i2c.o(i.I2C_Send7bitAddress)
    I2C_SendData                             0x08000c63   Thumb Code     4  stm32f10x_i2c.o(i.I2C_SendData)
    I2C_WriteByte                            0x08000c69   Thumb Code   126  oled_iic.o(i.I2C_WriteByte)
    KEY_Init                                 0x08000cf5   Thumb Code    82  trig.o(i.KEY_Init)
    KEY_Scan                                 0x08000d55   Thumb Code   152  trig.o(i.KEY_Scan)
    MPU_IIC_Ack                              0x08000df9   Thumb Code    62  mpu_iic.o(i.MPU_IIC_Ack)
    MPU_IIC_Delay                            0x08000e45   Thumb Code    10  mpu_iic.o(i.MPU_IIC_Delay)
    MPU_IIC_Init                             0x08000e51   Thumb Code    50  mpu_iic.o(i.MPU_IIC_Init)
    MPU_IIC_NAck                             0x08000e89   Thumb Code    62  mpu_iic.o(i.MPU_IIC_NAck)
    MPU_IIC_Read_Byte                        0x08000ed5   Thumb Code    94  mpu_iic.o(i.MPU_IIC_Read_Byte)
    MPU_IIC_Send_Byte                        0x08000f41   Thumb Code    80  mpu_iic.o(i.MPU_IIC_Send_Byte)
    MPU_IIC_Start                            0x08000f9d   Thumb Code    60  mpu_iic.o(i.MPU_IIC_Start)
    MPU_IIC_Stop                             0x08000fe5   Thumb Code    58  mpu_iic.o(i.MPU_IIC_Stop)
    MPU_IIC_Wait_Ack                         0x0800102d   Thumb Code    86  mpu_iic.o(i.MPU_IIC_Wait_Ack)
    MPU_Init                                 0x08001091   Thumb Code   180  mpu6050.o(i.MPU_Init)
    MPU_Read_Byte                            0x08001151   Thumb Code    58  mpu6050.o(i.MPU_Read_Byte)
    MPU_Read_Len                             0x0800118b   Thumb Code   116  mpu6050.o(i.MPU_Read_Len)
    MPU_Set_Accel_Fsr                        0x080011ff   Thumb Code    16  mpu6050.o(i.MPU_Set_Accel_Fsr)
    MPU_Set_Gyro_Fsr                         0x0800120f   Thumb Code    16  mpu6050.o(i.MPU_Set_Gyro_Fsr)
    MPU_Set_LPF                              0x0800121f   Thumb Code    58  mpu6050.o(i.MPU_Set_LPF)
    MPU_Set_Rate                             0x08001259   Thumb Code    58  mpu6050.o(i.MPU_Set_Rate)
    MPU_Write_Byte                           0x08001293   Thumb Code    68  mpu6050.o(i.MPU_Write_Byte)
    MPU_Write_Len                            0x080012d7   Thumb Code    96  mpu6050.o(i.MPU_Write_Len)
    MemManage_Handler                        0x08001337   Thumb Code     4  stm32f10x_it.o(i.MemManage_Handler)
    NMI_Handler                              0x0800133b   Thumb Code     2  stm32f10x_it.o(i.NMI_Handler)
    NVIC_Init                                0x0800133d   Thumb Code   100  misc.o(i.NVIC_Init)
    NVIC_PriorityGroupConfig                 0x080013ad   Thumb Code    10  misc.o(i.NVIC_PriorityGroupConfig)
    OLED_CLS                                 0x080013c1   Thumb Code    10  oled_iic.o(i.OLED_CLS)
    OLED_Fill                                0x080013cb   Thumb Code    58  oled_iic.o(i.OLED_Fill)
    OLED_Init                                0x08001405   Thumb Code   180  oled_iic.o(i.OLED_Init)
    OLED_SetPos                              0x080014b9   Thumb Code    40  oled_iic.o(i.OLED_SetPos)
    OLED_ShowStr                             0x080014e1   Thumb Code   228  oled_iic.o(i.OLED_ShowStr)
    PendSV_Handler                           0x080015cd   Thumb Code     2  stm32f10x_it.o(i.PendSV_Handler)
    RCC_APB1PeriphClockCmd                   0x080015d1   Thumb Code    26  stm32f10x_rcc.o(i.RCC_APB1PeriphClockCmd)
    RCC_APB2PeriphClockCmd                   0x080015f1   Thumb Code    26  stm32f10x_rcc.o(i.RCC_APB2PeriphClockCmd)
    RCC_GetClocksFreq                        0x08001611   Thumb Code   192  stm32f10x_rcc.o(i.RCC_GetClocksFreq)
    SVC_Handler                              0x080016e5   Thumb Code     2  stm32f10x_it.o(i.SVC_Handler)
    SteperBackTurn                           0x080017d1   Thumb Code    68  motor.o(i.SteperBackTurn)
    SteperFrontTurn                          0x08001819   Thumb Code    68  motor.o(i.SteperFrontTurn)
    SteperIoInit                             0x08001861   Thumb Code    94  motor.o(i.SteperIoInit)
    SteperRun                                0x080018c9   Thumb Code   130  motor.o(i.SteperRun)
    SteperSetAngle                           0x08001955   Thumb Code    16  motor.o(i.SteperSetAngle)
    SteperSetSpeed                           0x08001969   Thumb Code     6  motor.o(i.SteperSetSpeed)
    SteperWriteData                          0x08001975   Thumb Code    94  motor.o(i.SteperWriteData)
    SysTick_CLKSourceConfig                  0x080019d9   Thumb Code    40  misc.o(i.SysTick_CLKSourceConfig)
    SysTick_Handler                          0x08001a01   Thumb Code     2  stm32f10x_it.o(i.SysTick_Handler)
    SystemInit                               0x08001a05   Thumb Code    78  system_stm32f10x.o(i.SystemInit)
    TIM1_PWM_Init                            0x08001ca5   Thumb Code   144  timer2.o(i.TIM1_PWM_Init)
    TIM5_IRQHandler                          0x08001d3d   Thumb Code   344  timer.o(i.TIM5_IRQHandler)
    TIM_ARRPreloadConfig                     0x08001ea9   Thumb Code    24  stm32f10x_tim.o(i.TIM_ARRPreloadConfig)
    TIM_Cap_Init                             0x08001ec1   Thumb Code   238  timer.o(i.TIM_Cap_Init)
    TIM_ClearITPendingBit                    0x08001fb9   Thumb Code     6  stm32f10x_tim.o(i.TIM_ClearITPendingBit)
    TIM_Cmd                                  0x08001fbf   Thumb Code    24  stm32f10x_tim.o(i.TIM_Cmd)
    TIM_CtrlPWMOutputs                       0x08001fd7   Thumb Code    30  stm32f10x_tim.o(i.TIM_CtrlPWMOutputs)
    TIM_GetCapture1                          0x08001ff5   Thumb Code     6  stm32f10x_tim.o(i.TIM_GetCapture1)
    TIM_GetCapture2                          0x08001ffb   Thumb Code     6  stm32f10x_tim.o(i.TIM_GetCapture2)
    TIM_GetITStatus                          0x08002001   Thumb Code    34  stm32f10x_tim.o(i.TIM_GetITStatus)
    TIM_ICInit                               0x08002025   Thumb Code   150  stm32f10x_tim.o(i.TIM_ICInit)
    TIM_ITConfig                             0x080020d1   Thumb Code    18  stm32f10x_tim.o(i.TIM_ITConfig)
    TIM_OC1Init                              0x080020e5   Thumb Code   132  stm32f10x_tim.o(i.TIM_OC1Init)
    TIM_OC1PolarityConfig                    0x0800217d   Thumb Code    18  stm32f10x_tim.o(i.TIM_OC1PolarityConfig)
    TIM_OC1PreloadConfig                     0x0800218f   Thumb Code    18  stm32f10x_tim.o(i.TIM_OC1PreloadConfig)
    TIM_OC2PolarityConfig                    0x080021a1   Thumb Code    26  stm32f10x_tim.o(i.TIM_OC2PolarityConfig)
    TIM_SetCounter                           0x080021bb   Thumb Code     4  stm32f10x_tim.o(i.TIM_SetCounter)
    TIM_SetIC1Prescaler                      0x080021bf   Thumb Code    18  stm32f10x_tim.o(i.TIM_SetIC1Prescaler)
    TIM_SetIC2Prescaler                      0x080021d1   Thumb Code    26  stm32f10x_tim.o(i.TIM_SetIC2Prescaler)
    TIM_SetIC3Prescaler                      0x080021eb   Thumb Code    18  stm32f10x_tim.o(i.TIM_SetIC3Prescaler)
    TIM_SetIC4Prescaler                      0x080021fd   Thumb Code    26  stm32f10x_tim.o(i.TIM_SetIC4Prescaler)
    TIM_TimeBaseInit                         0x08002219   Thumb Code   122  stm32f10x_tim.o(i.TIM_TimeBaseInit)
    USART1_IRQHandler                        0x080022bd   Thumb Code   122  usart.o(i.USART1_IRQHandler)
    USART_Cmd                                0x08002345   Thumb Code    24  stm32f10x_usart.o(i.USART_Cmd)
    USART_GetITStatus                        0x0800235d   Thumb Code    84  stm32f10x_usart.o(i.USART_GetITStatus)
    USART_ITConfig                           0x080023b1   Thumb Code    74  stm32f10x_usart.o(i.USART_ITConfig)
    USART_Init                               0x080023fd   Thumb Code   210  stm32f10x_usart.o(i.USART_Init)
    USART_ReceiveData                        0x080024d5   Thumb Code    10  stm32f10x_usart.o(i.USART_ReceiveData)
    UsageFault_Handler                       0x080024df   Thumb Code     4  stm32f10x_it.o(i.UsageFault_Handler)
    WriteCmd                                 0x080024e3   Thumb Code    14  oled_iic.o(i.WriteCmd)
    WriteDat                                 0x080024f1   Thumb Code    14  oled_iic.o(i.WriteDat)
    __ARM_fpclassify                         0x080024ff   Thumb Code    40  fpclassify.o(i.__ARM_fpclassify)
    __kernel_poly                            0x08002527   Thumb Code   170  poly.o(i.__kernel_poly)
    __mathlib_dbl_infnan                     0x080025d1   Thumb Code     6  dunder.o(i.__mathlib_dbl_infnan)
    __mathlib_dbl_infnan2                    0x080025d7   Thumb Code     4  dunder.o(i.__mathlib_dbl_infnan2)
    __mathlib_dbl_invalid                    0x080025db   Thumb Code    12  dunder.o(i.__mathlib_dbl_invalid)
    __mathlib_dbl_underflow                  0x080025e9   Thumb Code    10  dunder.o(i.__mathlib_dbl_underflow)
    _is_digit                                0x080025f9   Thumb Code    14  __printf_wp.o(i._is_digit)
    _sys_exit                                0x08002607   Thumb Code     6  usart.o(i._sys_exit)
    asin                                     0x080026b5   Thumb Code   572  asin.o(i.asin)
    atan                                     0x08002925   Thumb Code   474  atan.o(i.atan)
    atan2                                    0x08002b45   Thumb Code   346  atan2.o(i.atan2)
    delay_init                               0x08002d29   Thumb Code    50  delay.o(i.delay_init)
    delay_ms                                 0x08002d6d   Thumb Code    72  delay.o(i.delay_ms)
    delay_us                                 0x08002db9   Thumb Code    72  delay.o(i.delay_us)
    dmp_enable_6x_lp_quat                    0x08002e05   Thumb Code    60  inv_mpu_dmp_motion_driver.o(i.dmp_enable_6x_lp_quat)
    dmp_enable_feature                       0x08002e41   Thumb Code   530  inv_mpu_dmp_motion_driver.o(i.dmp_enable_feature)
    dmp_enable_gyro_cal                      0x0800305d   Thumb Code    62  inv_mpu_dmp_motion_driver.o(i.dmp_enable_gyro_cal)
    dmp_enable_lp_quat                       0x080030b5   Thumb Code    60  inv_mpu_dmp_motion_driver.o(i.dmp_enable_lp_quat)
    dmp_load_motion_driver_firmware          0x080030f1   Thumb Code    20  inv_mpu_dmp_motion_driver.o(i.dmp_load_motion_driver_firmware)
    dmp_read_fifo                            0x08003109   Thumb Code   456  inv_mpu_dmp_motion_driver.o(i.dmp_read_fifo)
    dmp_set_accel_bias                       0x080032d5   Thumb Code   300  inv_mpu_dmp_motion_driver.o(i.dmp_set_accel_bias)
    dmp_set_fifo_rate                        0x08003405   Thumb Code    96  inv_mpu_dmp_motion_driver.o(i.dmp_set_fifo_rate)
    dmp_set_gyro_bias                        0x08003475   Thumb Code   294  inv_mpu_dmp_motion_driver.o(i.dmp_set_gyro_bias)
    dmp_set_orientation                      0x080035a5   Thumb Code   290  inv_mpu_dmp_motion_driver.o(i.dmp_set_orientation)
    dmp_set_shake_reject_thresh              0x080036dd   Thumb Code    56  inv_mpu_dmp_motion_driver.o(i.dmp_set_shake_reject_thresh)
    dmp_set_shake_reject_time                0x08003715   Thumb Code    38  inv_mpu_dmp_motion_driver.o(i.dmp_set_shake_reject_time)
    dmp_set_shake_reject_timeout             0x0800373b   Thumb Code    38  inv_mpu_dmp_motion_driver.o(i.dmp_set_shake_reject_timeout)
    dmp_set_tap_axes                         0x08003761   Thumb Code    70  inv_mpu_dmp_motion_driver.o(i.dmp_set_tap_axes)
    dmp_set_tap_count                        0x080037a7   Thumb Code    38  inv_mpu_dmp_motion_driver.o(i.dmp_set_tap_count)
    dmp_set_tap_thresh                       0x080037cd   Thumb Code   396  inv_mpu_dmp_motion_driver.o(i.dmp_set_tap_thresh)
    dmp_set_tap_time                         0x0800396d   Thumb Code    38  inv_mpu_dmp_motion_driver.o(i.dmp_set_tap_time)
    dmp_set_tap_time_multi                   0x08003993   Thumb Code    38  inv_mpu_dmp_motion_driver.o(i.dmp_set_tap_time_multi)
    fabs1                                    0x080039b9   Thumb Code    14  trig.o(i.fabs1)
    fputc                                    0x080039c9   Thumb Code    24  usart.o(i.fputc)
    inv_orientation_matrix_to_scalar         0x08004019   Thumb Code    40  inv_mpu.o(i.inv_orientation_matrix_to_scalar)
    inv_row_2_scale                          0x08004041   Thumb Code    78  inv_mpu.o(i.inv_row_2_scale)
    main                                     0x08004091   Thumb Code   538  main.o(i.main)
    mget_ms                                  0x08004325   Thumb Code     2  inv_mpu.o(i.mget_ms)
    mpu_configure_fifo                       0x08004329   Thumb Code   106  inv_mpu.o(i.mpu_configure_fifo)
    mpu_dmp_get_data                         0x08004399   Thumb Code   544  inv_mpu.o(i.mpu_dmp_get_data)
    mpu_dmp_init                             0x080045bd   Thumb Code   158  inv_mpu.o(i.mpu_dmp_init)
    mpu_get_accel_fsr                        0x08004661   Thumb Code    72  inv_mpu.o(i.mpu_get_accel_fsr)
    mpu_get_accel_sens                       0x080046ad   Thumb Code    78  inv_mpu.o(i.mpu_get_accel_sens)
    mpu_get_fifo_config                      0x08004701   Thumb Code    12  inv_mpu.o(i.mpu_get_fifo_config)
    mpu_get_gyro_fsr                         0x08004711   Thumb Code    64  inv_mpu.o(i.mpu_get_gyro_fsr)
    mpu_get_gyro_sens                        0x08004755   Thumb Code    58  inv_mpu.o(i.mpu_get_gyro_sens)
    mpu_get_lpf                              0x080047a5   Thumb Code    74  inv_mpu.o(i.mpu_get_lpf)
    mpu_get_sample_rate                      0x080047f5   Thumb Code    26  inv_mpu.o(i.mpu_get_sample_rate)
    mpu_init                                 0x08004815   Thumb Code   392  inv_mpu.o(i.mpu_init)
    mpu_load_firmware                        0x080049ed   Thumb Code   180  inv_mpu.o(i.mpu_load_firmware)
    mpu_lp_accel_mode                        0x08004aa5   Thumb Code   218  inv_mpu.o(i.mpu_lp_accel_mode)
    mpu_read_fifo_stream                     0x08004b85   Thumb Code   186  inv_mpu.o(i.mpu_read_fifo_stream)
    mpu_read_mem                             0x08004c45   Thumb Code   122  inv_mpu.o(i.mpu_read_mem)
    mpu_reset_fifo                           0x08004cc5   Thumb Code   450  inv_mpu.o(i.mpu_reset_fifo)
    mpu_run_self_test                        0x08004e8d   Thumb Code   278  inv_mpu.o(i.mpu_run_self_test)
    mpu_set_accel_fsr                        0x08004fa9   Thumb Code   126  inv_mpu.o(i.mpu_set_accel_fsr)
    mpu_set_bypass                           0x0800502d   Thumb Code   328  inv_mpu.o(i.mpu_set_bypass)
    mpu_set_dmp_state                        0x08005179   Thumb Code   138  inv_mpu.o(i.mpu_set_dmp_state)
    mpu_set_gyro_fsr                         0x08005209   Thumb Code   132  inv_mpu.o(i.mpu_set_gyro_fsr)
    mpu_set_int_latched                      0x08005291   Thumb Code   102  inv_mpu.o(i.mpu_set_int_latched)
    mpu_set_lpf                              0x080052fd   Thumb Code   126  inv_mpu.o(i.mpu_set_lpf)
    mpu_set_sample_rate                      0x08005381   Thumb Code   152  inv_mpu.o(i.mpu_set_sample_rate)
    mpu_set_sensors                          0x0800541d   Thumb Code   202  inv_mpu.o(i.mpu_set_sensors)
    mpu_write_mem                            0x080054ed   Thumb Code   122  inv_mpu.o(i.mpu_write_mem)
    run_self_test                            0x0800556d   Thumb Code   148  inv_mpu.o(i.run_self_test)
    shaomiao                                 0x08005691   Thumb Code   234  trig.o(i.shaomiao)
    sqrt                                     0x0800578d   Thumb Code    76  sqrt.o(i.sqrt)
    trig_Init                                0x080057d9   Thumb Code    82  trig.o(i.trig_Init)
    uart_init                                0x08005835   Thumb Code   152  usart.o(i.uart_init)
    __aeabi_d2f                              0x080058d5   Thumb Code     0  d2f.o(x$fpl$d2f)
    _d2f                                     0x080058d5   Thumb Code    98  d2f.o(x$fpl$d2f)
    __aeabi_dadd                             0x08005939   Thumb Code     0  daddsub_clz.o(x$fpl$dadd)
    _dadd                                    0x08005939   Thumb Code   332  daddsub_clz.o(x$fpl$dadd)
    __fpl_dcheck_NaN1                        0x08005a89   Thumb Code    10  dcheck1.o(x$fpl$dcheck1)
    __aeabi_ddiv                             0x08005a99   Thumb Code     0  ddiv.o(x$fpl$ddiv)
    _ddiv                                    0x08005a99   Thumb Code   552  ddiv.o(x$fpl$ddiv)
    __aeabi_ui2d                             0x08005d49   Thumb Code     0  dflt_clz.o(x$fpl$dfltu)
    _dfltu                                   0x08005d49   Thumb Code    38  dflt_clz.o(x$fpl$dfltu)
    __aeabi_dmul                             0x08005d71   Thumb Code     0  dmul.o(x$fpl$dmul)
    _dmul                                    0x08005d71   Thumb Code   332  dmul.o(x$fpl$dmul)
    __fpl_dnaninf                            0x08005ec5   Thumb Code   156  dnaninf.o(x$fpl$dnaninf)
    __fpl_dretinf                            0x08005f61   Thumb Code    12  dretinf.o(x$fpl$dretinf)
    __aeabi_drsub                            0x08005f6d   Thumb Code     0  daddsub_clz.o(x$fpl$drsb)
    _drsb                                    0x08005f6d   Thumb Code    22  daddsub_clz.o(x$fpl$drsb)
    _dsqrt                                   0x08005f85   Thumb Code   456  dsqrt_noumaal.o(x$fpl$dsqrt)
    __aeabi_dsub                             0x08006151   Thumb Code     0  daddsub_clz.o(x$fpl$dsub)
    _dsub                                    0x08006151   Thumb Code   464  daddsub_clz.o(x$fpl$dsub)
    __aeabi_f2d                              0x08006325   Thumb Code     0  f2d.o(x$fpl$f2d)
    _f2d                                     0x08006325   Thumb Code    86  f2d.o(x$fpl$f2d)
    __aeabi_fadd                             0x0800637d   Thumb Code     0  faddsub_clz.o(x$fpl$fadd)
    _fadd                                    0x0800637d   Thumb Code   196  faddsub_clz.o(x$fpl$fadd)
    __fpl_fcmp_Inf                           0x08006441   Thumb Code    24  fcmpi.o(x$fpl$fcmpinf)
    __aeabi_fdiv                             0x08006459   Thumb Code     0  fdiv.o(x$fpl$fdiv)
    _fdiv                                    0x08006459   Thumb Code   384  fdiv.o(x$fpl$fdiv)
    __aeabi_cfcmpeq                          0x080065dd   Thumb Code     0  feqf.o(x$fpl$feqf)
    _fcmpeq                                  0x080065dd   Thumb Code   104  feqf.o(x$fpl$feqf)
    __aeabi_f2iz                             0x08006645   Thumb Code     0  ffix.o(x$fpl$ffix)
    _ffix                                    0x08006645   Thumb Code    54  ffix.o(x$fpl$ffix)
    __aeabi_f2uiz                            0x0800667d   Thumb Code     0  ffixu.o(x$fpl$ffixu)
    _ffixu                                   0x0800667d   Thumb Code    62  ffixu.o(x$fpl$ffixu)
    __aeabi_i2f                              0x080066bd   Thumb Code     0  fflt_clz.o(x$fpl$fflt)
    _fflt                                    0x080066bd   Thumb Code    48  fflt_clz.o(x$fpl$fflt)
    __aeabi_ui2f                             0x080066ed   Thumb Code     0  fflt_clz.o(x$fpl$ffltu)
    _ffltu                                   0x080066ed   Thumb Code    38  fflt_clz.o(x$fpl$ffltu)
    __aeabi_cfcmple                          0x08006715   Thumb Code     0  fleqf.o(x$fpl$fleqf)
    _fcmple                                  0x08006715   Thumb Code   104  fleqf.o(x$fpl$fleqf)
    __fpl_fcmple_InfNaN                      0x08006767   Thumb Code     0  fleqf.o(x$fpl$fleqf)
    __aeabi_fmul                             0x0800677d   Thumb Code     0  fmul.o(x$fpl$fmul)
    _fmul                                    0x0800677d   Thumb Code   258  fmul.o(x$fpl$fmul)
    __fpl_fnaninf                            0x0800687f   Thumb Code   140  fnaninf.o(x$fpl$fnaninf)
    __fpl_fretinf                            0x0800690b   Thumb Code    10  fretinf.o(x$fpl$fretinf)
    __aeabi_cfrcmple                         0x08006915   Thumb Code     0  frleqf.o(x$fpl$frleqf)
    _frcmple                                 0x08006915   Thumb Code    98  frleqf.o(x$fpl$frleqf)
    __aeabi_frsub                            0x08006977   Thumb Code     0  faddsub_clz.o(x$fpl$frsb)
    _frsb                                    0x08006977   Thumb Code    20  faddsub_clz.o(x$fpl$frsb)
    __aeabi_fsub                             0x0800698d   Thumb Code     0  faddsub_clz.o(x$fpl$fsub)
    _fsub                                    0x0800698d   Thumb Code   234  faddsub_clz.o(x$fpl$fsub)
    __fpl_return_NaN                         0x08006a77   Thumb Code   100  retnan.o(x$fpl$retnan)
    __ARM_scalbn                             0x08006adb   Thumb Code    92  scalbn.o(x$fpl$scalbn)
    __fpl_cmpreturn                          0x08006b37   Thumb Code    48  trapv.o(x$fpl$trapveneer)
    F6x8                                     0x08006b66   Data         552  oled_iic.o(.constdata)
    __I$use$fp                               0x08006b66   Number         0  usenofp.o(x$fpl$usenofp)
    F8X16                                    0x08006d8e   Data        1520  oled_iic.o(.constdata)
    asc2_1206                                0x0800737e   Data        1140  oled_iic.o(.constdata)
    asc2_1608                                0x080077f2   Data        1520  oled_iic.o(.constdata)
    asc2_2412                                0x08007de2   Data        3420  oled_iic.o(.constdata)
    reg                                      0x08008b40   Data          27  inv_mpu.o(.constdata)
    hw                                       0x08008b5c   Data          12  inv_mpu.o(.constdata)
    test                                     0x08008b68   Data          40  inv_mpu.o(.constdata)
    __mathlib_zero                           0x08009880   Data           8  qnan.o(.constdata)
    Region$$Table$$Base                      0x080098d8   Number         0  anon$$obj.o(Region$$Table)
    Region$$Table$$Limit                     0x080098f8   Number         0  anon$$obj.o(Region$$Table)
    pitch                                    0x20000000   Data           4  main.o(.data)
    roll                                     0x20000004   Data           4  main.o(.data)
    yaw                                      0x20000008   Data           4  main.o(.data)
    r                                        0x2000000c   Data           4  main.o(.data)
    d                                        0x20000010   Data           4  main.o(.data)
    ASPECT                                   0x20000014   Data           4  main.o(.data)
    pwmvalue                                 0x20000018   Data           4  main.o(.data)
    SystemCoreClock                          0x2000001c   Data           4  system_stm32f10x.o(.data)
    AHBPrescTable                            0x20000020   Data          16  system_stm32f10x.o(.data)
    __stdout                                 0x20000034   Data           4  usart.o(.data)
    USART_RX_STA                             0x20000038   Data           2  usart.o(.data)
    TIM5CH1_CAPTURE_STA                      0x2000004e   Data           1  timer.o(.data)
    TIM5CH2_CAPTURE_STA                      0x2000004f   Data           1  timer.o(.data)
    TIM5CH1_CAPTURE_VAL                      0x20000050   Data           2  timer.o(.data)
    TIM5CH2_CAPTURE_VAL                      0x20000052   Data           2  timer.o(.data)
    steperPin                                0x20000060   Data           8  motor.o(.data)
    steperPorts                              0x20000068   Data          16  motor.o(.data)
    USART_RX_BUF                             0x200000b0   Data         200  usart.o(.bss)
    __libspace_start                         0x20000188   Data          96  libspace.o(.bss)
    __temporary_stack_top$libspace           0x200001e8   Data           0  libspace.o(.bss)



==============================================================================

Memory Map of the image

  Image Entry point : 0x080001dd

  Load Region LR_1 (Base: 0x08000000, Size: 0x000099a8, Max: 0xffffffff, ABSOLUTE)

    Execution Region ER_RO (Base: 0x08000000, Size: 0x000098f8, Max: 0xffffffff, ABSOLUTE)

    Base Addr    Size         Type   Attr      Idx    E Section Name        Object

    0x08000000   0x00000130   Data   RO          400    RESET               startup_stm32f10x_hd.o
    0x08000130   0x00000008   Code   RO         2835  * !!!main             c_w.l(__main.o)
    0x08000138   0x00000034   Code   RO         3164    !!!scatter          c_w.l(__scatter.o)
    0x0800016c   0x0000001a   Code   RO         3166    !!handler_copy      c_w.l(__scatter_copy.o)
    0x08000186   0x00000002   PAD
    0x08000188   0x0000001c   Code   RO         3168    !!handler_zi        c_w.l(__scatter_zi.o)
    0x080001a4   0x00000000   Code   RO         2828    .ARM.Collect$$_printf_percent$$00000000  c_w.l(_printf_percent.o)
    0x080001a4   0x00000006   Code   RO         2827    .ARM.Collect$$_printf_percent$$00000009  c_w.l(_printf_d.o)
    0x080001aa   0x00000006   Code   RO         2825    .ARM.Collect$$_printf_percent$$00000013  c_w.l(_printf_c.o)
    0x080001b0   0x00000004   Code   RO         2926    .ARM.Collect$$_printf_percent$$00000017  c_w.l(_printf_percent_end.o)
    0x080001b4   0x00000002   Code   RO         3031    .ARM.Collect$$libinit$$00000000  c_w.l(libinit.o)
    0x080001b6   0x00000000   Code   RO         3043    .ARM.Collect$$libinit$$00000002  c_w.l(libinit2.o)
    0x080001b6   0x00000000   Code   RO         3045    .ARM.Collect$$libinit$$00000004  c_w.l(libinit2.o)
    0x080001b6   0x00000000   Code   RO         3048    .ARM.Collect$$libinit$$0000000A  c_w.l(libinit2.o)
    0x080001b6   0x00000000   Code   RO         3050    .ARM.Collect$$libinit$$0000000C  c_w.l(libinit2.o)
    0x080001b6   0x00000000   Code   RO         3052    .ARM.Collect$$libinit$$0000000E  c_w.l(libinit2.o)
    0x080001b6   0x00000000   Code   RO         3055    .ARM.Collect$$libinit$$00000011  c_w.l(libinit2.o)
    0x080001b6   0x00000000   Code   RO         3057    .ARM.Collect$$libinit$$00000013  c_w.l(libinit2.o)
    0x080001b6   0x00000000   Code   RO         3059    .ARM.Collect$$libinit$$00000015  c_w.l(libinit2.o)
    0x080001b6   0x00000000   Code   RO         3061    .ARM.Collect$$libinit$$00000017  c_w.l(libinit2.o)
    0x080001b6   0x00000000   Code   RO         3063    .ARM.Collect$$libinit$$00000019  c_w.l(libinit2.o)
    0x080001b6   0x00000000   Code   RO         3065    .ARM.Collect$$libinit$$0000001B  c_w.l(libinit2.o)
    0x080001b6   0x00000000   Code   RO         3067    .ARM.Collect$$libinit$$0000001D  c_w.l(libinit2.o)
    0x080001b6   0x00000000   Code   RO         3069    .ARM.Collect$$libinit$$0000001F  c_w.l(libinit2.o)
    0x080001b6   0x00000000   Code   RO         3071    .ARM.Collect$$libinit$$00000021  c_w.l(libinit2.o)
    0x080001b6   0x00000000   Code   RO         3073    .ARM.Collect$$libinit$$00000023  c_w.l(libinit2.o)
    0x080001b6   0x00000000   Code   RO         3075    .ARM.Collect$$libinit$$00000025  c_w.l(libinit2.o)
    0x080001b6   0x00000000   Code   RO         3079    .ARM.Collect$$libinit$$0000002C  c_w.l(libinit2.o)
    0x080001b6   0x00000000   Code   RO         3081    .ARM.Collect$$libinit$$0000002E  c_w.l(libinit2.o)
    0x080001b6   0x00000000   Code   RO         3083    .ARM.Collect$$libinit$$00000030  c_w.l(libinit2.o)
    0x080001b6   0x00000000   Code   RO         3085    .ARM.Collect$$libinit$$00000032  c_w.l(libinit2.o)
    0x080001b6   0x00000002   Code   RO         3086    .ARM.Collect$$libinit$$00000033  c_w.l(libinit2.o)
    0x080001b8   0x00000002   Code   RO         3116    .ARM.Collect$$libshutdown$$00000000  c_w.l(libshutdown.o)
    0x080001ba   0x00000000   Code   RO         3130    .ARM.Collect$$libshutdown$$00000002  c_w.l(libshutdown2.o)
    0x080001ba   0x00000000   Code   RO         3132    .ARM.Collect$$libshutdown$$00000004  c_w.l(libshutdown2.o)
    0x080001ba   0x00000000   Code   RO         3135    .ARM.Collect$$libshutdown$$00000007  c_w.l(libshutdown2.o)
    0x080001ba   0x00000000   Code   RO         3138    .ARM.Collect$$libshutdown$$0000000A  c_w.l(libshutdown2.o)
    0x080001ba   0x00000000   Code   RO         3140    .ARM.Collect$$libshutdown$$0000000C  c_w.l(libshutdown2.o)
    0x080001ba   0x00000000   Code   RO         3143    .ARM.Collect$$libshutdown$$0000000F  c_w.l(libshutdown2.o)
    0x080001ba   0x00000002   Code   RO         3144    .ARM.Collect$$libshutdown$$00000010  c_w.l(libshutdown2.o)
    0x080001bc   0x00000000   Code   RO         2911    .ARM.Collect$$rtentry$$00000000  c_w.l(__rtentry.o)
    0x080001bc   0x00000000   Code   RO         2980    .ARM.Collect$$rtentry$$00000002  c_w.l(__rtentry2.o)
    0x080001bc   0x00000006   Code   RO         2992    .ARM.Collect$$rtentry$$00000004  c_w.l(__rtentry4.o)
    0x080001c2   0x00000000   Code   RO         2982    .ARM.Collect$$rtentry$$00000009  c_w.l(__rtentry2.o)
    0x080001c2   0x00000004   Code   RO         2983    .ARM.Collect$$rtentry$$0000000A  c_w.l(__rtentry2.o)
    0x080001c6   0x00000000   Code   RO         2985    .ARM.Collect$$rtentry$$0000000C  c_w.l(__rtentry2.o)
    0x080001c6   0x00000008   Code   RO         2986    .ARM.Collect$$rtentry$$0000000D  c_w.l(__rtentry2.o)
    0x080001ce   0x00000002   Code   RO         3036    .ARM.Collect$$rtexit$$00000000  c_w.l(rtexit.o)
    0x080001d0   0x00000000   Code   RO         3090    .ARM.Collect$$rtexit$$00000002  c_w.l(rtexit2.o)
    0x080001d0   0x00000004   Code   RO         3091    .ARM.Collect$$rtexit$$00000003  c_w.l(rtexit2.o)
    0x080001d4   0x00000006   Code   RO         3092    .ARM.Collect$$rtexit$$00000004  c_w.l(rtexit2.o)
    0x080001da   0x00000002   PAD
    0x080001dc   0x00000040   Code   RO          401  * .text               startup_stm32f10x_hd.o
    0x0800021c   0x00000002   Code   RO         2764    .text               c_w.l(use_no_semi_2.o)
    0x0800021e   0x00000048   Code   RO         2766    .text               c_w.l(llsdiv.o)
    0x08000266   0x00000002   PAD
    0x08000268   0x00000018   Code   RO         2772    .text               c_w.l(noretval__2printf.o)
    0x08000280   0x00000028   Code   RO         2774    .text               c_w.l(noretval__2sprintf.o)
    0x080002a8   0x00000052   Code   RO         2780    .text               c_w.l(_printf_str.o)
    0x080002fa   0x00000002   PAD
    0x080002fc   0x00000078   Code   RO         2782    .text               c_w.l(_printf_dec.o)
    0x08000374   0x00000138   Code   RO         2817    .text               c_w.l(__printf_flags_wp.o)
    0x080004ac   0x00000058   Code   RO         2829    .text               c_w.l(memcmp.o)
    0x08000504   0x00000010   Code   RO         2831    .text               c_w.l(aeabi_memset.o)
    0x08000514   0x00000006   Code   RO         2833    .text               c_w.l(heapauxi.o)
    0x0800051a   0x00000002   Code   RO         2909    .text               c_w.l(use_no_semi.o)
    0x0800051c   0x000000ee   Code   RO         2912    .text               c_w.l(lludivv7m.o)
    0x0800060a   0x00000016   Code   RO         2914    .text               c_w.l(_rserrno.o)
    0x08000620   0x000000b2   Code   RO         2916    .text               c_w.l(_printf_intcommon.o)
    0x080006d2   0x00000002   PAD
    0x080006d4   0x00000030   Code   RO         2918    .text               c_w.l(_printf_char_common.o)
    0x08000704   0x0000000a   Code   RO         2920    .text               c_w.l(_sputc.o)
    0x0800070e   0x0000002c   Code   RO         2922    .text               c_w.l(_printf_char.o)
    0x0800073a   0x00000002   PAD
    0x0800073c   0x00000024   Code   RO         2924    .text               c_w.l(_printf_char_file.o)
    0x08000760   0x00000044   Code   RO         2927    .text               c_w.l(rt_memclr.o)
    0x080007a4   0x00000008   Code   RO         3001    .text               c_w.l(rt_errno_addr_intlibspace.o)
    0x080007ac   0x00000008   Code   RO         3005    .text               c_w.l(ferror.o)
    0x080007b4   0x0000004e   Code   RO         3009    .text               c_w.l(rt_memclr_w.o)
    0x08000802   0x00000002   PAD
    0x08000804   0x00000008   Code   RO         3017    .text               c_w.l(libspace.o)
    0x0800080c   0x0000004a   Code   RO         3020    .text               c_w.l(sys_stackheap_outer.o)
    0x08000856   0x00000012   Code   RO         3024    .text               c_w.l(exit.o)
    0x08000868   0x00000004   Code   RO          169    i.BusFault_Handler  stm32f10x_it.o
    0x0800086c   0x00000002   Code   RO          170    i.DebugMon_Handler  stm32f10x_it.o
    0x0800086e   0x00000116   Code   RO          501    i.GPIO_Init         stm32f10x_gpio.o
    0x08000984   0x00000090   Code   RO          503    i.GPIO_PinRemapConfig  stm32f10x_gpio.o
    0x08000a14   0x00000012   Code   RO          505    i.GPIO_ReadInputDataBit  stm32f10x_gpio.o
    0x08000a26   0x00000004   Code   RO          508    i.GPIO_ResetBits    stm32f10x_gpio.o
    0x08000a2a   0x00000004   Code   RO          509    i.GPIO_SetBits      stm32f10x_gpio.o
    0x08000a2e   0x00000004   Code   RO          171    i.HardFault_Handler  stm32f10x_it.o
    0x08000a32   0x0000002a   Code   RO         1612    i.I2C_CheckEvent    stm32f10x_i2c.o
    0x08000a5c   0x00000018   Code   RO         1615    i.I2C_Cmd           stm32f10x_i2c.o
    0x08000a74   0x00000084   Code   RO         1871    i.I2C_Configuration  oled_iic.o
    0x08000af8   0x00000018   Code   RO         1622    i.I2C_GenerateSTART  stm32f10x_i2c.o
    0x08000b10   0x00000018   Code   RO         1623    i.I2C_GenerateSTOP  stm32f10x_i2c.o
    0x08000b28   0x0000003a   Code   RO         1624    i.I2C_GetFlagStatus  stm32f10x_i2c.o
    0x08000b62   0x00000002   PAD
    0x08000b64   0x000000ec   Code   RO         1629    i.I2C_Init          stm32f10x_i2c.o
    0x08000c50   0x00000012   Code   RO         1636    i.I2C_Send7bitAddress  stm32f10x_i2c.o
    0x08000c62   0x00000004   Code   RO         1637    i.I2C_SendData      stm32f10x_i2c.o
    0x08000c66   0x00000002   PAD
    0x08000c68   0x0000008c   Code   RO         1872    i.I2C_WriteByte     oled_iic.o
    0x08000cf4   0x00000060   Code   RO         1834    i.KEY_Init          trig.o
    0x08000d54   0x000000a4   Code   RO         1835    i.KEY_Scan          trig.o
    0x08000df8   0x0000004c   Code   RO         1987    i.MPU_IIC_Ack       mpu_iic.o
    0x08000e44   0x0000000a   Code   RO         1988    i.MPU_IIC_Delay     mpu_iic.o
    0x08000e4e   0x00000002   PAD
    0x08000e50   0x00000038   Code   RO         1989    i.MPU_IIC_Init      mpu_iic.o
    0x08000e88   0x0000004c   Code   RO         1990    i.MPU_IIC_NAck      mpu_iic.o
    0x08000ed4   0x0000006c   Code   RO         1991    i.MPU_IIC_Read_Byte  mpu_iic.o
    0x08000f40   0x0000005c   Code   RO         1992    i.MPU_IIC_Send_Byte  mpu_iic.o
    0x08000f9c   0x00000048   Code   RO         1993    i.MPU_IIC_Start     mpu_iic.o
    0x08000fe4   0x00000048   Code   RO         1994    i.MPU_IIC_Stop      mpu_iic.o
    0x0800102c   0x00000064   Code   RO         1995    i.MPU_IIC_Wait_Ack  mpu_iic.o
    0x08001090   0x000000c0   Code   RO         2050    i.MPU_Init          mpu6050.o
    0x08001150   0x0000003a   Code   RO         2051    i.MPU_Read_Byte     mpu6050.o
    0x0800118a   0x00000074   Code   RO         2052    i.MPU_Read_Len      mpu6050.o
    0x080011fe   0x00000010   Code   RO         2053    i.MPU_Set_Accel_Fsr  mpu6050.o
    0x0800120e   0x00000010   Code   RO         2054    i.MPU_Set_Gyro_Fsr  mpu6050.o
    0x0800121e   0x0000003a   Code   RO         2055    i.MPU_Set_LPF       mpu6050.o
    0x08001258   0x0000003a   Code   RO         2056    i.MPU_Set_Rate      mpu6050.o
    0x08001292   0x00000044   Code   RO         2057    i.MPU_Write_Byte    mpu6050.o
    0x080012d6   0x00000060   Code   RO         2058    i.MPU_Write_Len     mpu6050.o
    0x08001336   0x00000004   Code   RO          172    i.MemManage_Handler  stm32f10x_it.o
    0x0800133a   0x00000002   Code   RO          173    i.NMI_Handler       stm32f10x_it.o
    0x0800133c   0x00000070   Code   RO          405    i.NVIC_Init         misc.o
    0x080013ac   0x00000014   Code   RO          406    i.NVIC_PriorityGroupConfig  misc.o
    0x080013c0   0x0000000a   Code   RO         1873    i.OLED_CLS          oled_iic.o
    0x080013ca   0x0000003a   Code   RO         1875    i.OLED_Fill         oled_iic.o
    0x08001404   0x000000b4   Code   RO         1876    i.OLED_Init         oled_iic.o
    0x080014b8   0x00000028   Code   RO         1879    i.OLED_SetPos       oled_iic.o
    0x080014e0   0x000000ec   Code   RO         1882    i.OLED_ShowStr      oled_iic.o
    0x080015cc   0x00000002   Code   RO          174    i.PendSV_Handler    stm32f10x_it.o
    0x080015ce   0x00000002   PAD
    0x080015d0   0x00000020   Code   RO          611    i.RCC_APB1PeriphClockCmd  stm32f10x_rcc.o
    0x080015f0   0x00000020   Code   RO          613    i.RCC_APB2PeriphClockCmd  stm32f10x_rcc.o
    0x08001610   0x000000d4   Code   RO          621    i.RCC_GetClocksFreq  stm32f10x_rcc.o
    0x080016e4   0x00000002   Code   RO          175    i.SVC_Handler       stm32f10x_it.o
    0x080016e6   0x00000008   Code   RO          258    i.SetSysClock       system_stm32f10x.o
    0x080016ee   0x00000002   PAD
    0x080016f0   0x000000e0   Code   RO          259    i.SetSysClockTo72   system_stm32f10x.o
    0x080017d0   0x00000048   Code   RO         2153    i.SteperBackTurn    motor.o
    0x08001818   0x00000048   Code   RO         2154    i.SteperFrontTurn   motor.o
    0x08001860   0x00000068   Code   RO         2157    i.SteperIoInit      motor.o
    0x080018c8   0x0000008c   Code   RO         2158    i.SteperRun         motor.o
    0x08001954   0x00000014   Code   RO         2159    i.SteperSetAngle    motor.o
    0x08001968   0x0000000c   Code   RO         2160    i.SteperSetSpeed    motor.o
    0x08001974   0x00000064   Code   RO         2161    i.SteperWriteData   motor.o
    0x080019d8   0x00000028   Code   RO          409    i.SysTick_CLKSourceConfig  misc.o
    0x08001a00   0x00000002   Code   RO          176    i.SysTick_Handler   stm32f10x_it.o
    0x08001a02   0x00000002   PAD
    0x08001a04   0x00000060   Code   RO          261    i.SystemInit        system_stm32f10x.o
    0x08001a64   0x00000080   Code   RO          809    i.TI1_Config        stm32f10x_tim.o
    0x08001ae4   0x00000098   Code   RO          810    i.TI2_Config        stm32f10x_tim.o
    0x08001b7c   0x00000090   Code   RO          811    i.TI3_Config        stm32f10x_tim.o
    0x08001c0c   0x00000098   Code   RO          812    i.TI4_Config        stm32f10x_tim.o
    0x08001ca4   0x00000098   Code   RO         1975    i.TIM1_PWM_Init     timer2.o
    0x08001d3c   0x0000016c   Code   RO         1813    i.TIM5_IRQHandler   timer.o
    0x08001ea8   0x00000018   Code   RO          813    i.TIM_ARRPreloadConfig  stm32f10x_tim.o
    0x08001ec0   0x000000f8   Code   RO         1814    i.TIM_Cap_Init      timer.o
    0x08001fb8   0x00000006   Code   RO          820    i.TIM_ClearITPendingBit  stm32f10x_tim.o
    0x08001fbe   0x00000018   Code   RO          825    i.TIM_Cmd           stm32f10x_tim.o
    0x08001fd6   0x0000001e   Code   RO          827    i.TIM_CtrlPWMOutputs  stm32f10x_tim.o
    0x08001ff4   0x00000006   Code   RO          840    i.TIM_GetCapture1   stm32f10x_tim.o
    0x08001ffa   0x00000006   Code   RO          841    i.TIM_GetCapture2   stm32f10x_tim.o
    0x08002000   0x00000022   Code   RO          846    i.TIM_GetITStatus   stm32f10x_tim.o
    0x08002022   0x00000002   PAD
    0x08002024   0x000000ac   Code   RO          848    i.TIM_ICInit        stm32f10x_tim.o
    0x080020d0   0x00000012   Code   RO          850    i.TIM_ITConfig      stm32f10x_tim.o
    0x080020e2   0x00000002   PAD
    0x080020e4   0x00000098   Code   RO          854    i.TIM_OC1Init       stm32f10x_tim.o
    0x0800217c   0x00000012   Code   RO          856    i.TIM_OC1PolarityConfig  stm32f10x_tim.o
    0x0800218e   0x00000012   Code   RO          857    i.TIM_OC1PreloadConfig  stm32f10x_tim.o
    0x080021a0   0x0000001a   Code   RO          861    i.TIM_OC2PolarityConfig  stm32f10x_tim.o
    0x080021ba   0x00000004   Code   RO          890    i.TIM_SetCounter    stm32f10x_tim.o
    0x080021be   0x00000012   Code   RO          891    i.TIM_SetIC1Prescaler  stm32f10x_tim.o
    0x080021d0   0x0000001a   Code   RO          892    i.TIM_SetIC2Prescaler  stm32f10x_tim.o
    0x080021ea   0x00000012   Code   RO          893    i.TIM_SetIC3Prescaler  stm32f10x_tim.o
    0x080021fc   0x0000001a   Code   RO          894    i.TIM_SetIC4Prescaler  stm32f10x_tim.o
    0x08002216   0x00000002   PAD
    0x08002218   0x000000a4   Code   RO          896    i.TIM_TimeBaseInit  stm32f10x_tim.o
    0x080022bc   0x00000088   Code   RO          347    i.USART1_IRQHandler  usart.o
    0x08002344   0x00000018   Code   RO         1361    i.USART_Cmd         stm32f10x_usart.o
    0x0800235c   0x00000054   Code   RO         1365    i.USART_GetITStatus  stm32f10x_usart.o
    0x080023b0   0x0000004a   Code   RO         1367    i.USART_ITConfig    stm32f10x_usart.o
    0x080023fa   0x00000002   PAD
    0x080023fc   0x000000d8   Code   RO         1368    i.USART_Init        stm32f10x_usart.o
    0x080024d4   0x0000000a   Code   RO         1375    i.USART_ReceiveData  stm32f10x_usart.o
    0x080024de   0x00000004   Code   RO          177    i.UsageFault_Handler  stm32f10x_it.o
    0x080024e2   0x0000000e   Code   RO         1883    i.WriteCmd          oled_iic.o
    0x080024f0   0x0000000e   Code   RO         1884    i.WriteDat          oled_iic.o
    0x080024fe   0x00000028   Code   RO         2966    i.__ARM_fpclassify  m_ws.l(fpclassify.o)
    0x08002526   0x000000aa   Code   RO         2968    i.__kernel_poly     m_ws.l(poly.o)
    0x080025d0   0x00000006   Code   RO         2953    i.__mathlib_dbl_infnan  m_ws.l(dunder.o)
    0x080025d6   0x00000004   Code   RO         2954    i.__mathlib_dbl_infnan2  m_ws.l(dunder.o)
    0x080025da   0x0000000c   Code   RO         2955    i.__mathlib_dbl_invalid  m_ws.l(dunder.o)
    0x080025e6   0x00000002   PAD
    0x080025e8   0x00000010   Code   RO         2958    i.__mathlib_dbl_underflow  m_ws.l(dunder.o)
    0x080025f8   0x0000000e   Code   RO         2815    i._is_digit         c_w.l(__printf_wp.o)
    0x08002606   0x00000006   Code   RO          348    i._sys_exit         usart.o
    0x0800260c   0x000000a8   Code   RO         2252    i.accel_self_test   inv_mpu.o
    0x080026b4   0x00000270   Code   RO         2892    i.asin              m_ws.l(asin.o)
    0x08002924   0x00000220   Code   RO         2943    i.atan              m_ws.l(atan.o)
    0x08002b44   0x00000180   Code   RO         2902    i.atan2             m_ws.l(atan2.o)
    0x08002cc4   0x00000064   Code   RO         2580    i.decode_gesture    inv_mpu_dmp_motion_driver.o
    0x08002d28   0x00000044   Code   RO          292    i.delay_init        delay.o
    0x08002d6c   0x0000004c   Code   RO          293    i.delay_ms          delay.o
    0x08002db8   0x0000004c   Code   RO          294    i.delay_us          delay.o
    0x08002e04   0x0000003c   Code   RO         2581    i.dmp_enable_6x_lp_quat  inv_mpu_dmp_motion_driver.o
    0x08002e40   0x0000021c   Code   RO         2582    i.dmp_enable_feature  inv_mpu_dmp_motion_driver.o
    0x0800305c   0x00000058   Code   RO         2583    i.dmp_enable_gyro_cal  inv_mpu_dmp_motion_driver.o
    0x080030b4   0x0000003c   Code   RO         2584    i.dmp_enable_lp_quat  inv_mpu_dmp_motion_driver.o
    0x080030f0   0x00000018   Code   RO         2589    i.dmp_load_motion_driver_firmware  inv_mpu_dmp_motion_driver.o
    0x08003108   0x000001cc   Code   RO         2590    i.dmp_read_fifo     inv_mpu_dmp_motion_driver.o
    0x080032d4   0x00000130   Code   RO         2593    i.dmp_set_accel_bias  inv_mpu_dmp_motion_driver.o
    0x08003404   0x00000070   Code   RO         2594    i.dmp_set_fifo_rate  inv_mpu_dmp_motion_driver.o
    0x08003474   0x00000130   Code   RO         2595    i.dmp_set_gyro_bias  inv_mpu_dmp_motion_driver.o
    0x080035a4   0x00000138   Code   RO         2597    i.dmp_set_orientation  inv_mpu_dmp_motion_driver.o
    0x080036dc   0x00000038   Code   RO         2600    i.dmp_set_shake_reject_thresh  inv_mpu_dmp_motion_driver.o
    0x08003714   0x00000026   Code   RO         2601    i.dmp_set_shake_reject_time  inv_mpu_dmp_motion_driver.o
    0x0800373a   0x00000026   Code   RO         2602    i.dmp_set_shake_reject_timeout  inv_mpu_dmp_motion_driver.o
    0x08003760   0x00000046   Code   RO         2603    i.dmp_set_tap_axes  inv_mpu_dmp_motion_driver.o
    0x080037a6   0x00000026   Code   RO         2604    i.dmp_set_tap_count  inv_mpu_dmp_motion_driver.o
    0x080037cc   0x000001a0   Code   RO         2605    i.dmp_set_tap_thresh  inv_mpu_dmp_motion_driver.o
    0x0800396c   0x00000026   Code   RO         2606    i.dmp_set_tap_time  inv_mpu_dmp_motion_driver.o
    0x08003992   0x00000026   Code   RO         2607    i.dmp_set_tap_time_multi  inv_mpu_dmp_motion_driver.o
    0x080039b8   0x0000000e   Code   RO         1836    i.fabs1             trig.o
    0x080039c6   0x00000002   PAD
    0x080039c8   0x0000001c   Code   RO          349    i.fputc             usart.o
    0x080039e4   0x000000b4   Code   RO         2253    i.get_accel_prod_shift  inv_mpu.o
    0x08003a98   0x00000470   Code   RO         2254    i.get_st_biases     inv_mpu.o
    0x08003f08   0x00000110   Code   RO         2255    i.gyro_self_test    inv_mpu.o
    0x08004018   0x00000028   Code   RO         2256    i.inv_orientation_matrix_to_scalar  inv_mpu.o
    0x08004040   0x0000004e   Code   RO         2257    i.inv_row_2_scale   inv_mpu.o
    0x0800408e   0x00000002   PAD
    0x08004090   0x00000294   Code   RO            1    i.main              main.o
    0x08004324   0x00000002   Code   RO         2258    i.mget_ms           inv_mpu.o
    0x08004326   0x00000002   PAD
    0x08004328   0x00000070   Code   RO         2259    i.mpu_configure_fifo  inv_mpu.o
    0x08004398   0x00000224   Code   RO         2260    i.mpu_dmp_get_data  inv_mpu.o
    0x080045bc   0x000000a4   Code   RO         2261    i.mpu_dmp_init      inv_mpu.o
    0x08004660   0x0000004c   Code   RO         2262    i.mpu_get_accel_fsr  inv_mpu.o
    0x080046ac   0x00000054   Code   RO         2264    i.mpu_get_accel_sens  inv_mpu.o
    0x08004700   0x00000010   Code   RO         2269    i.mpu_get_fifo_config  inv_mpu.o
    0x08004710   0x00000044   Code   RO         2270    i.mpu_get_gyro_fsr  inv_mpu.o
    0x08004754   0x00000050   Code   RO         2272    i.mpu_get_gyro_sens  inv_mpu.o
    0x080047a4   0x00000050   Code   RO         2274    i.mpu_get_lpf       inv_mpu.o
    0x080047f4   0x00000020   Code   RO         2276    i.mpu_get_sample_rate  inv_mpu.o
    0x08004814   0x000001d8   Code   RO         2278    i.mpu_init          inv_mpu.o
    0x080049ec   0x000000b8   Code   RO         2279    i.mpu_load_firmware  inv_mpu.o
    0x08004aa4   0x000000e0   Code   RO         2280    i.mpu_lp_accel_mode  inv_mpu.o
    0x08004b84   0x000000c0   Code   RO         2283    i.mpu_read_fifo_stream  inv_mpu.o
    0x08004c44   0x00000080   Code   RO         2284    i.mpu_read_mem      inv_mpu.o
    0x08004cc4   0x000001c8   Code   RO         2287    i.mpu_reset_fifo    inv_mpu.o
    0x08004e8c   0x0000011c   Code   RO         2288    i.mpu_run_self_test  inv_mpu.o
    0x08004fa8   0x00000084   Code   RO         2290    i.mpu_set_accel_fsr  inv_mpu.o
    0x0800502c   0x0000014c   Code   RO         2291    i.mpu_set_bypass    inv_mpu.o
    0x08005178   0x00000090   Code   RO         2293    i.mpu_set_dmp_state  inv_mpu.o
    0x08005208   0x00000088   Code   RO         2294    i.mpu_set_gyro_fsr  inv_mpu.o
    0x08005290   0x0000006c   Code   RO         2295    i.mpu_set_int_latched  inv_mpu.o
    0x080052fc   0x00000084   Code   RO         2297    i.mpu_set_lpf       inv_mpu.o
    0x08005380   0x0000009c   Code   RO         2298    i.mpu_set_sample_rate  inv_mpu.o
    0x0800541c   0x000000d0   Code   RO         2299    i.mpu_set_sensors   inv_mpu.o
    0x080054ec   0x00000080   Code   RO         2300    i.mpu_write_mem     inv_mpu.o
    0x0800556c   0x00000094   Code   RO         2301    i.run_self_test     inv_mpu.o
    0x08005600   0x00000090   Code   RO         2302    i.set_int_enable    inv_mpu.o
    0x08005690   0x000000fc   Code   RO         1837    i.shaomiao          trig.o
    0x0800578c   0x0000004c   Code   RO         2972    i.sqrt              m_ws.l(sqrt.o)
    0x080057d8   0x0000005c   Code   RO         1838    i.trig_Init         trig.o
    0x08005834   0x000000a0   Code   RO          350    i.uart_init         usart.o
    0x080058d4   0x00000062   Code   RO         2837    x$fpl$d2f           fz_ws.l(d2f.o)
    0x08005936   0x00000002   PAD
    0x08005938   0x00000150   Code   RO         2839    x$fpl$dadd          fz_ws.l(daddsub_clz.o)
    0x08005a88   0x00000010   Code   RO         3011    x$fpl$dcheck1       fz_ws.l(dcheck1.o)
    0x08005a98   0x000002b0   Code   RO         2846    x$fpl$ddiv          fz_ws.l(ddiv.o)
    0x08005d48   0x00000026   Code   RO         2849    x$fpl$dfltu         fz_ws.l(dflt_clz.o)
    0x08005d6e   0x00000002   PAD
    0x08005d70   0x00000154   Code   RO         2855    x$fpl$dmul          fz_ws.l(dmul.o)
    0x08005ec4   0x0000009c   Code   RO         2929    x$fpl$dnaninf       fz_ws.l(dnaninf.o)
    0x08005f60   0x0000000c   Code   RO         2931    x$fpl$dretinf       fz_ws.l(dretinf.o)
    0x08005f6c   0x00000016   Code   RO         2840    x$fpl$drsb          fz_ws.l(daddsub_clz.o)
    0x08005f82   0x00000002   PAD
    0x08005f84   0x000001cc   Code   RO         3015    x$fpl$dsqrt         fz_ws.l(dsqrt_noumaal.o)
    0x08006150   0x000001d4   Code   RO         2841    x$fpl$dsub          fz_ws.l(daddsub_clz.o)
    0x08006324   0x00000056   Code   RO         2857    x$fpl$f2d           fz_ws.l(f2d.o)
    0x0800637a   0x00000002   PAD
    0x0800637c   0x000000c4   Code   RO         2859    x$fpl$fadd          fz_ws.l(faddsub_clz.o)
    0x08006440   0x00000018   Code   RO         2933    x$fpl$fcmpinf       fz_ws.l(fcmpi.o)
    0x08006458   0x00000184   Code   RO         2866    x$fpl$fdiv          fz_ws.l(fdiv.o)
    0x080065dc   0x00000068   Code   RO         2869    x$fpl$feqf          fz_ws.l(feqf.o)
    0x08006644   0x00000036   Code   RO         2871    x$fpl$ffix          fz_ws.l(ffix.o)
    0x0800667a   0x00000002   PAD
    0x0800667c   0x0000003e   Code   RO         2875    x$fpl$ffixu         fz_ws.l(ffixu.o)
    0x080066ba   0x00000002   PAD
    0x080066bc   0x00000030   Code   RO         2880    x$fpl$fflt          fz_ws.l(fflt_clz.o)
    0x080066ec   0x00000026   Code   RO         2879    x$fpl$ffltu         fz_ws.l(fflt_clz.o)
    0x08006712   0x00000002   PAD
    0x08006714   0x00000068   Code   RO         2885    x$fpl$fleqf         fz_ws.l(fleqf.o)
    0x0800677c   0x00000102   Code   RO         2887    x$fpl$fmul          fz_ws.l(fmul.o)
    0x0800687e   0x0000008c   Code   RO         2935    x$fpl$fnaninf       fz_ws.l(fnaninf.o)
    0x0800690a   0x0000000a   Code   RO         2937    x$fpl$fretinf       fz_ws.l(fretinf.o)
    0x08006914   0x00000062   Code   RO         2889    x$fpl$frleqf        fz_ws.l(frleqf.o)
    0x08006976   0x00000014   Code   RO         2860    x$fpl$frsb          fz_ws.l(faddsub_clz.o)
    0x0800698a   0x00000002   PAD
    0x0800698c   0x000000ea   Code   RO         2861    x$fpl$fsub          fz_ws.l(faddsub_clz.o)
    0x08006a76   0x00000064   Code   RO         3034    x$fpl$retnan        fz_ws.l(retnan.o)
    0x08006ada   0x0000005c   Code   RO         2939    x$fpl$scalbn        fz_ws.l(scalbn.o)
    0x08006b36   0x00000030   Code   RO         3087    x$fpl$trapveneer    fz_ws.l(trapv.o)
    0x08006b66   0x00000000   Code   RO         2941    x$fpl$usenofp       fz_ws.l(usenofp.o)
    0x08006b66   0x00001fd8   Data   RO         1886    .constdata          oled_iic.o
    0x08008b3e   0x00000002   PAD
    0x08008b40   0x00000050   Data   RO         2304    .constdata          inv_mpu.o
    0x08008b90   0x00000bf6   Data   RO         2609    .constdata          inv_mpu_dmp_motion_driver.o
    0x08009786   0x00000011   Data   RO         2818    .constdata          c_w.l(__printf_flags_wp.o)
    0x08009797   0x00000001   PAD
    0x08009798   0x00000050   Data   RO         2893    .constdata          m_ws.l(asin.o)
    0x080097e8   0x00000098   Data   RO         2944    .constdata          m_ws.l(atan.o)
    0x08009880   0x00000008   Data   RO         2970    .constdata          m_ws.l(qnan.o)
    0x08009888   0x0000004d   Data   RO         2305    .conststring        inv_mpu.o
    0x080098d5   0x00000003   PAD
    0x080098d8   0x00000020   Data   RO         3162    Region$$Table       anon$$obj.o


    Execution Region ER_RW (Base: 0x20000000, Size: 0x000000b0, Max: 0xffffffff, ABSOLUTE)

    Base Addr    Size         Type   Attr      Idx    E Section Name        Object

    0x20000000   0x0000001c   Data   RW            2    .data               main.o
    0x2000001c   0x00000014   Data   RW          262    .data               system_stm32f10x.o
    0x20000030   0x00000004   Data   RW          295    .data               delay.o
    0x20000034   0x00000006   Data   RW          352    .data               usart.o
    0x2000003a   0x00000014   Data   RW          641    .data               stm32f10x_rcc.o
    0x2000004e   0x00000006   Data   RW         1815    .data               timer.o
    0x20000054   0x00000001   Data   RW         1839    .data               trig.o
    0x20000055   0x00000003   PAD
    0x20000058   0x00000020   Data   RW         2162    .data               motor.o
    0x20000078   0x00000035   Data   RW         2306    .data               inv_mpu.o


    Execution Region ER_ZI (Base: 0x200000b0, Size: 0x00000738, Max: 0xffffffff, ABSOLUTE)

    Base Addr    Size         Type   Attr      Idx    E Section Name        Object

    0x200000b0   0x000000c8   Zero   RW          351    .bss                usart.o
    0x20000178   0x00000010   Zero   RW         2608    .bss                inv_mpu_dmp_motion_driver.o
    0x20000188   0x00000060   Zero   RW         3018    .bss                c_w.l(libspace.o)
    0x200001e8   0x00000200   Zero   RW          399    HEAP                startup_stm32f10x_hd.o
    0x200003e8   0x00000400   Zero   RW          398    STACK               startup_stm32f10x_hd.o


==============================================================================

Image component sizes


      Code (inc. data)   RO Data    RW Data    ZI Data      Debug   Object Name

       220         26          0          4          0       1643   delay.o
      6844        290        157         53          0      29224   inv_mpu.o
      3096        122       3062          0         16      19630   inv_mpu_dmp_motion_driver.o
       660        122          0         28          0     261900   main.o
       172         22          0          0          0       1981   misc.o
       520         44          0         32          0       4430   motor.o
       678         12          0          0          0       5923   mpu6050.o
       662        100          0          0          0       4530   mpu_iic.o
       824         36       8152          0          0       6658   oled_iic.o
        64         26        304          0       1536        780   startup_stm32f10x_hd.o
       448          6          0          0          0       4382   stm32f10x_gpio.o
       430         14          0          0          0       6438   stm32f10x_i2c.o
        26          0          0          0          0       3534   stm32f10x_it.o
       276         32          0         20          0       4346   stm32f10x_rcc.o
      1366        170          0          0          0      14313   stm32f10x_tim.o
       408          6          0          0          0       4886   stm32f10x_usart.o
         0          0          0          0          0         32   sys.o
       328         28          0         20          0       1997   system_stm32f10x.o
       612         30          0          6          0       1839   timer.o
       152          8          0          0          0        720   timer2.o
       618         54          0          1          0       2837   trig.o
       330         26          0          6        200       4036   usart.o

    ----------------------------------------------------------------------
     18760       1174      11712        176       1752     386059   Object Totals
         0          0         32          0          0          0   (incl. Generated)
        26          0          5          6          0          0   (incl. Padding)

    ----------------------------------------------------------------------

      Code (inc. data)   RO Data    RW Data    ZI Data      Debug   Library Member Name

         8          0          0          0          0         68   __main.o
       312          4         17          0          0         92   __printf_flags_wp.o
        14          0          0          0          0         68   __printf_wp.o
         0          0          0          0          0          0   __rtentry.o
        12          0          0          0          0          0   __rtentry2.o
         6          0          0          0          0          0   __rtentry4.o
        52          8          0          0          0          0   __scatter.o
        26          0          0          0          0          0   __scatter_copy.o
        28          0          0          0          0          0   __scatter_zi.o
         6          0          0          0          0          0   _printf_c.o
        44          0          0          0          0        108   _printf_char.o
        48          6          0          0          0         96   _printf_char_common.o
        36          4          0          0          0         80   _printf_char_file.o
         6          0          0          0          0          0   _printf_d.o
       120         16          0          0          0         92   _printf_dec.o
       178          0          0          0          0         88   _printf_intcommon.o
         0          0          0          0          0          0   _printf_percent.o
         4          0          0          0          0          0   _printf_percent_end.o
        82          0          0          0          0         80   _printf_str.o
        22          0          0          0          0        100   _rserrno.o
        10          0          0          0          0         68   _sputc.o
        16          0          0          0          0         68   aeabi_memset.o
        18          0          0          0          0         80   exit.o
         8          0          0          0          0         68   ferror.o
         6          0          0          0          0        152   heapauxi.o
         2          0          0          0          0          0   libinit.o
         2          0          0          0          0          0   libinit2.o
         2          0          0          0          0          0   libshutdown.o
         2          0          0          0          0          0   libshutdown2.o
         8          4          0          0         96         68   libspace.o
        72          0          0          0          0         76   llsdiv.o
       238          0          0          0          0        100   lludivv7m.o
        88          0          0          0          0         76   memcmp.o
        24          4          0          0          0         84   noretval__2printf.o
        40          6          0          0          0         84   noretval__2sprintf.o
         8          4          0          0          0         68   rt_errno_addr_intlibspace.o
        68          0          0          0          0         68   rt_memclr.o
        78          0          0          0          0         80   rt_memclr_w.o
         2          0          0          0          0          0   rtexit.o
        10          0          0          0          0          0   rtexit2.o
        74          0          0          0          0         80   sys_stackheap_outer.o
         2          0          0          0          0         68   use_no_semi.o
         2          0          0          0          0         68   use_no_semi_2.o
        98          4          0          0          0         92   d2f.o
       826         16          0          0          0        348   daddsub_clz.o
        16          4          0          0          0         68   dcheck1.o
       688        140          0          0          0        208   ddiv.o
        38          0          0          0          0         68   dflt_clz.o
       340         12          0          0          0        104   dmul.o
       156          4          0          0          0         92   dnaninf.o
        12          0          0          0          0         68   dretinf.o
       460         56          0          0          0        120   dsqrt_noumaal.o
        86          4          0          0          0         84   f2d.o
       450          8          0          0          0        236   faddsub_clz.o
        24          0          0          0          0         68   fcmpi.o
       388         76          0          0          0         96   fdiv.o
       104          4          0          0          0         84   feqf.o
        54          4          0          0          0         84   ffix.o
        62          4          0          0          0         84   ffixu.o
        86          0          0          0          0        136   fflt_clz.o
       104          4          0          0          0         84   fleqf.o
       258          4          0          0          0         84   fmul.o
       140          4          0          0          0         84   fnaninf.o
        10          0          0          0          0         68   fretinf.o
        98          0          0          0          0         68   frleqf.o
       100          0          0          0          0         68   retnan.o
        92          0          0          0          0         68   scalbn.o
        48          0          0          0          0         68   trapv.o
         0          0          0          0          0          0   usenofp.o
       624         52         80          0          0        168   asin.o
       544         70        152          0          0        124   atan.o
       384         38          0          0          0        144   atan2.o
        38          6          0          0          0        272   dunder.o
        40          0          0          0          0         68   fpclassify.o
       170          0          0          0          0         96   poly.o
         0          0          8          0          0          0   qnan.o
        76          0          0          0          0         84   sqrt.o

    ----------------------------------------------------------------------
      8430        570        258          0         96       5816   Library Totals
        32          0          1          0          0          0   (incl. Padding)

    ----------------------------------------------------------------------

      Code (inc. data)   RO Data    RW Data    ZI Data      Debug   Library Name

      1784         56         17          0         96       2228   c_w.l
      4738        348          0          0          0       2632   fz_ws.l
      1876        166        240          0          0        956   m_ws.l

    ----------------------------------------------------------------------
      8430        570        258          0         96       5816   Library Totals

    ----------------------------------------------------------------------

==============================================================================


      Code (inc. data)   RO Data    RW Data    ZI Data      Debug   

     27190       1744      11970        176       1848     380379   Grand Totals
     27190       1744      11970        176       1848     380379   ELF Image Totals
     27190       1744      11970        176          0          0   ROM Totals

==============================================================================

    Total RO  Size (Code + RO Data)                39160 (  38.24kB)
    Total RW  Size (RW Data + ZI Data)              2024 (   1.98kB)
    Total ROM Size (Code + RO Data + RW Data)      39336 (  38.41kB)

==============================================================================

